{
    "components": [
        {
            "alignment": "LEFT",
            "page_url": "https://www.GoodFon.ru/",
            "py/object": "parser_result.Component",
            "snippet": "GoodFon.ru",
            "title": "«GoodFon.ru» — обои для рабочего стола",
            "type": "SEARCH_RESULT",
            "view_url": "https://www.GoodFon.ru/"
        },
        {
            "alignment": "LEFT",
            "page_url": "https://7fon.org/",
            "py/object": "parser_result.Component",
            "snippet": "Обои для рабочего стола. Если вы, предпочитаете только обои высокого качества, тогда милости просим на 7Fon. Здесь представлены самые качественные и красивые обои для рабочего стола.",
            "title": "Обои на рабочий стол. Скачать обои для рабочего...",
            "type": "SEARCH_RESULT",
            "view_url": "https://7fon.org/"
        },
        {
            "alignment": "LEFT",
            "page_url": "http://zastavok.net/",
            "py/object": "parser_result.Component",
            "snippet": "zastavok.net",
            "title": "Новые картинки/обои для рабочего стола",
            "type": "SEARCH_RESULT",
            "view_url": "http://zastavok.net/"
        },
        {
            "alignment": "LEFT",
            "media_links": [
                "im0-tub-ru.yandex.net/i?id=7428917724425794dc11456573960b55&n=22",
                "im0-tub-ru.yandex.net/i?id=2ce3b34c4a711ab0b57e8fc97f90110e&n=22",
                "im0-tub-ru.yandex.net/i?id=c763767893653c5c71ef2378d805b6b0&n=22"
            ],
            "page_url": "//yandex.ru/images/search?text=%D0%BE%D0%B1%D0%BE%D0%B8%20%D0%B4%D0%BB%D1%8F%20%D1%80%D0%B0%D0%B1%D0%BE%D1%87%D0%B5%D0%B3%D0%BE%20%D1%81%D1%82%D0%BE%D0%BB%D0%B0&stype=image&lr=2&noreask=1&parent-reqid=1509664068351874-522237627840203832926363-man1-3589&source=wiz",
            "py/object": "parser_result.Component",
            "title": "обои для рабочего стола — смотрите картинки",
            "type": "WIZARD",
            "wizard_type": "WIZARD_IMAGE"
        },
        {
            "alignment": "LEFT",
            "page_url": "http://oboi.tululu.org/",
            "py/object": "parser_result.Component",
            "snippet": "Бесплатные обои для рабочего стола, все обои можно скачать бесплатно.",
            "title": "Обои на рабочий стол. Скачать бесплатно.",
            "type": "SEARCH_RESULT",
            "view_url": "http://oboi.tululu.org/"
        },
        {
            "alignment": "LEFT",
            "page_url": "http://WallpapersCraft.ru/",
            "py/object": "parser_result.Component",
            "snippet": "Обои для рабочего стола, картинки на рабочий стол.",
            "title": "Обои для рабочего стола, скачать картинки на рабочий...",
            "type": "SEARCH_RESULT",
            "view_url": "http://WallpapersCraft.ru/"
        },
        {
            "alignment": "LEFT",
            "page_url": "http://www.desktopwallpapers.ru/",
            "py/object": "parser_result.Component",
            "snippet": "Наш сайт полностью посвящён лучшим обоям для рабочего стола, которые с особой тщательностью собираются в коллекцию с 1999 года.",
            "title": "«Desktopwallpapers.ru» — обои для рабочего стола",
            "type": "SEARCH_RESULT",
            "view_url": "http://www.desktopwallpapers.ru/"
        },
        {
            "alignment": "LEFT",
            "page_url": "https://www.nastol.com.ua/beautiful",
            "py/object": "parser_result.Component",
            "snippet": "Ежедневно в этот раздел добавляються самые красивые обои для рабочего стола, вы можете бесплатно скачать красивые картинки. Выбирайте красивые обои для экранов своих мониторов.",
            "title": "Красивые обои на рабочий стол",
            "type": "SEARCH_RESULT",
            "view_url": "https://www.nastol.com.ua/beautiful"
        },
        {
            "alignment": "LEFT",
            "page_url": "https://7themes.su/photo/hd_wallpapers/22",
            "py/object": "parser_result.Component",
            "snippet": "Обои для рабочего стола. Обои на рабочий стол Windows являются одной из самых важных компонентов оформления. Представляем нашу коллекцию обоев которые вы можете скачать абсолютно бесплатно.",
            "title": "Обои для рабочего стола",
            "type": "SEARCH_RESULT",
            "view_url": "https://7themes.su/photo/hd_wallpapers/22"
        },
        {
            "alignment": "LEFT",
            "page_url": "https://www.BadFon.ru/",
            "py/object": "parser_result.Component",
            "snippet": "Коллекция обоев различной тематики с сортировкой по разрешению экрана, категории и популярности.",
            "title": "«BadFon» — обои для рабочего стола",
            "type": "SEARCH_RESULT",
            "view_url": "https://www.BadFon.ru/"
        },
        {
            "alignment": "LEFT",
            "page_url": "https://WallBox.ru/",
            "py/object": "parser_result.Component",
            "snippet": "Огромная коллекция отобранных вручную обоев для рабочего стола. вы можете бесплатно скачать фото на рабочий стол.",
            "title": "Обои для рабочего стола, картинки на рабочий стол.",
            "type": "SEARCH_RESULT",
            "view_url": "https://WallBox.ru/"
        },
        {
            "alignment": "LEFT",
            "page_url": "http://yabs.yandex.ru/count/9MjgxtgsHXG40000gQB0022Ej5IwdmLIbGAR0Mv3jm8j0OYmF5-G0ecYBET-c36Tf5Uq2AOeYg6G-BlSks0Z1G6zeLo_FAekfQDN7m6yhYp50eq1tG7Ua2JqaRJ9SQm6b_1zAPh6RgJQ39C2cGL2Z91e0xQP1G6rYzsWbPe9hv1e0xEGSGAqYztPbPe9sf1n0fIK3UsddLCLgB10MNC7em6k_t32eNTpBgC5iG6on1400008-Vzmmg5tSowZ1Vm5kQHNj0Z1__________yFml_ZkiuFThh42SMF3zB__________m_J__________yFxW7V0l2W061evP3oA-s3AFNM1LVb_N02zj_PYUY0q5Nxa6W3U240?q=%D0%BE%D0%B1%D0%BE%D0%B8+%D0%B4%D0%BB%D1%8F+%D1%80%D0%B0%D0%B1%D0%BE%D1%87%D0%B5%D0%B3%D0%BE+%D1%81%D1%82%D0%BE%D0%BB%D0%B0",
            "py/object": "parser_result.Component",
            "snippet": "Шикарные обои для рабочего стола. Выбирай и устанавливай бесплатно!18+",
            "title": "Обои для рабочего стола / desktopmania.ru",
            "type": "ADV",
            "view_url": "desktopmania.ru"
        },
        {
            "alignment": "LEFT",
            "page_url": "http://yabs.yandex.ru/count/9MjgxqFti-840000gQB0022Ej5IwdmLIbGAR0Mv3jm8j0JA8ljWkq0A9hYsuBvsYiTq3fYoAkfK6BHFSj98ZZ1AzkQLpFmkgBgMZNm8HlAqF_0YD0Tq1tf0azFIoWmwjAf6qoN6i1fVmVIcQncwasWoFjWb5mWsVkyjaT0oJ0fa5GeoJlIksanyDjPmU2w2G2v2laxqhiv2V9BIS7WlPa0kGsf2V99ILIhcdXvcei41PSmUZ0Qx_SCAXTtCkemMn0RB44G0000Zv_t32eNTpBgC5_0Mveh7T0y7__________m_2_-EwpWzskiG9nOyFql__________3zF__________m_k0Ty2yA00O6ZbaF8hxOCezTO5L-NzS0Bstzc9w83GLVkJlIjy8m00?q=%D0%BE%D0%B1%D0%BE%D0%B8+%D0%B4%D0%BB%D1%8F+%D1%80%D0%B0%D0%B1%D0%BE%D1%87%D0%B5%D0%B3%D0%BE+%D1%81%D1%82%D0%BE%D0%BB%D0%B0",
            "py/object": "parser_result.Component",
            "snippet": "Доставка по Санкт-Петербургу и области, самовывоз. Гарантия.",
            "title": "Столы рабочие в наличии от 11199 р. / kuvalda.ru",
            "type": "ADV",
            "view_url": "kuvalda.ru"
        },
        {
            "alignment": "LEFT",
            "page_url": "http://yabs.yandex.ru/count/9Mjgxtsj2he40000gQB0022Ej5IwdmLIbGAR0Mv3jm8j0JE8lkuGuGA9jxR5KWUTgcI-5QOjYhgfJRKHtBM5OwSHlR9NNDmAgYwbh7Uk2RoWewq9ZG7T0TwG9FIHjCbnh0QNy7qfciPkfDeCamAP1KACcE42jeJTjOYxe9kk1w-OuGApaFG1j8YxsPkk1zgGz06KdwRVfvkb2gYZQfTvem6k_t32eNTpBgC5iG6on1400408-Vzmmg5tSowZ1Vm5kQfalXN1__________yFml_ZkiuFThh42TB__________m_J__________yFxW7V0l2W061evP3oA-s3AFNM1LVb_N02zj_PYUY0q5NxcE42VI00?q=%D0%BE%D0%B1%D0%BE%D0%B8+%D0%B4%D0%BB%D1%8F+%D1%80%D0%B0%D0%B1%D0%BE%D1%87%D0%B5%D0%B3%D0%BE+%D1%81%D1%82%D0%BE%D0%BB%D0%B0",
            "py/object": "parser_result.Component",
            "snippet": "Большая коллекция, красивые обои на рабочий стол, высокого качества любой тематики18+",
            "title": "Обои на рабочий стол скачать / myfons.ru",
            "type": "ADV",
            "view_url": "myfons.ru/обои-на-рабочий-стол"
        }
    ],
    "py/object": "parser_result.ParserResult"
}