{
    "components": [
        {
            "alignment": "LEFT",
            "page_url": {
                "attr": "href",
                "py/object": "trees.html_path.HTMLPath",
                "xpath": "//html/body[1]/div[3]/div[2]/div[2]/div[1]/div[1]/ul[1]/li[1]/div[1]/h2/a"
            },
            "py/object": "markups.search_markup.SearchMarkupSearchResult",
            "snippet": {
                "attr": "string",
                "py/object": "trees.html_path.HTMLPath",
                "xpath": "//html/body[1]/div[3]/div[2]/div[2]/div[1]/div[1]/ul[1]/li[1]/div[1]/div[2]/div[1]"
            },
            "title": {
                "attr": "string",
                "py/object": "trees.html_path.HTMLPath",
                "xpath": "//html/body[1]/div[3]/div[2]/div[2]/div[1]/div[1]/ul[1]/li[1]/div[1]/h2/a"
            },
            "type": "SEARCH_RESULT",
            "view_url": {
                "attr": "href",
                "py/object": "trees.html_path.HTMLPath",
                "xpath": "//html/body[1]/div[3]/div[2]/div[2]/div[1]/div[1]/ul[1]/li[1]/div[1]/div/div[1]/a[last()]"
            }
        },
        {
            "alignment": "LEFT",
            "page_url": {
                "attr": "href",
                "py/object": "trees.html_path.HTMLPath",
                "xpath": "//html/body[1]/div[3]/div[2]/div[2]/div[1]/div[1]/ul[1]/li[2]/div[1]/h2/a"
            },
            "py/object": "markups.search_markup.SearchMarkupSearchResult",
            "snippet": {
                "attr": "string",
                "py/object": "trees.html_path.HTMLPath",
                "xpath": "//html/body[1]/div[3]/div[2]/div[2]/div[1]/div[1]/ul[1]/li[2]/div[1]/div[2]/div[1]"
            },
            "title": {
                "attr": "string",
                "py/object": "trees.html_path.HTMLPath",
                "xpath": "//html/body[1]/div[3]/div[2]/div[2]/div[1]/div[1]/ul[1]/li[2]/div[1]/h2/a"
            },
            "type": "SEARCH_RESULT",
            "view_url": {
                "attr": "href",
                "py/object": "trees.html_path.HTMLPath",
                "xpath": "//html/body[1]/div[3]/div[2]/div[2]/div[1]/div[1]/ul[1]/li[2]/div[1]/div/div[1]/a[last()]"
            }
        },
        {
            "alignment": "LEFT",
            "page_url": {
                "attr": "href",
                "py/object": "trees.html_path.HTMLPath",
                "xpath": "//html/body[1]/div[3]/div[2]/div[2]/div[1]/div[1]/ul[1]/li[3]/div[1]/h2/a"
            },
            "py/object": "markups.search_markup.SearchMarkupSearchResult",
            "snippet": {
                "attr": "string",
                "py/object": "trees.html_path.HTMLPath",
                "xpath": "//html/body[1]/div[3]/div[2]/div[2]/div[1]/div[1]/ul[1]/li[3]/div[1]/div[2]/div[1]"
            },
            "title": {
                "attr": "string",
                "py/object": "trees.html_path.HTMLPath",
                "xpath": "//html/body[1]/div[3]/div[2]/div[2]/div[1]/div[1]/ul[1]/li[3]/div[1]/h2/a"
            },
            "type": "SEARCH_RESULT",
            "view_url": {
                "attr": "href",
                "py/object": "trees.html_path.HTMLPath",
                "xpath": "//html/body[1]/div[3]/div[2]/div[2]/div[1]/div[1]/ul[1]/li[3]/div[1]/div/div[1]/a[last()]"
            }
        },
        {
            "alignment": "LEFT",
            "page_url": {
                "attr": "href",
                "py/object": "trees.html_path.HTMLPath",
                "xpath": "//html/body[1]/div[3]/div[2]/div[2]/div[1]/div[1]/ul[1]/li[4]/div[1]/h2/a"
            },
            "py/object": "markups.search_markup.SearchMarkupSearchResult",
            "snippet": {
                "attr": "string",
                "py/object": "trees.html_path.HTMLPath",
                "xpath": "//html/body[1]/div[3]/div[2]/div[2]/div[1]/div[1]/ul[1]/li[4]/div[1]/div[2]/div[1]"
            },
            "title": {
                "attr": "string",
                "py/object": "trees.html_path.HTMLPath",
                "xpath": "//html/body[1]/div[3]/div[2]/div[2]/div[1]/div[1]/ul[1]/li[4]/div[1]/h2/a"
            },
            "type": "SEARCH_RESULT",
            "view_url": {
                "attr": "href",
                "py/object": "trees.html_path.HTMLPath",
                "xpath": "//html/body[1]/div[3]/div[2]/div[2]/div[1]/div[1]/ul[1]/li[4]/div[1]/div/div[1]/a[last()]"
            }
        },
        {
            "alignment": "LEFT",
            "page_url": {
                "attr": "href",
                "py/object": "trees.html_path.HTMLPath",
                "xpath": "//html/body[1]/div[3]/div[2]/div[2]/div[1]/div[1]/ul[1]/li[5]/div[1]/h2/a"
            },
            "py/object": "markups.search_markup.SearchMarkupSearchResult",
            "snippet": {
                "attr": "string",
                "py/object": "trees.html_path.HTMLPath",
                "xpath": "//html/body[1]/div[3]/div[2]/div[2]/div[1]/div[1]/ul[1]/li[5]/div[1]/div[2]/div[1]"
            },
            "title": {
                "attr": "string",
                "py/object": "trees.html_path.HTMLPath",
                "xpath": "//html/body[1]/div[3]/div[2]/div[2]/div[1]/div[1]/ul[1]/li[5]/div[1]/h2/a"
            },
            "type": "SEARCH_RESULT",
            "view_url": {
                "attr": "href",
                "py/object": "trees.html_path.HTMLPath",
                "xpath": "//html/body[1]/div[3]/div[2]/div[2]/div[1]/div[1]/ul[1]/li[5]/div[1]/div/div[1]/a[last()]"
            }
        },
        {
            "alignment": "LEFT",
            "page_url": {
                "attr": "href",
                "py/object": "trees.html_path.HTMLPath",
                "xpath": "//html/body[1]/div[3]/div[2]/div[2]/div[1]/div[1]/ul[1]/li[6]/div[1]/h2/a"
            },
            "py/object": "markups.search_markup.SearchMarkupSearchResult",
            "snippet": {
                "attr": "string",
                "py/object": "trees.html_path.HTMLPath",
                "xpath": "//html/body[1]/div[3]/div[2]/div[2]/div[1]/div[1]/ul[1]/li[6]/div[1]/div[2]/div[1]"
            },
            "title": {
                "attr": "string",
                "py/object": "trees.html_path.HTMLPath",
                "xpath": "//html/body[1]/div[3]/div[2]/div[2]/div[1]/div[1]/ul[1]/li[6]/div[1]/h2/a"
            },
            "type": "SEARCH_RESULT",
            "view_url": {
                "attr": "href",
                "py/object": "trees.html_path.HTMLPath",
                "xpath": "//html/body[1]/div[3]/div[2]/div[2]/div[1]/div[1]/ul[1]/li[6]/div[1]/div/div[1]/a[last()]"
            }
        },
        {
            "alignment": "LEFT",
            "page_url": {
                "attr": "href",
                "py/object": "trees.html_path.HTMLPath",
                "xpath": "//html/body[1]/div[3]/div[2]/div[2]/div[1]/div[1]/ul[1]/li[7]/div[1]/h2/a"
            },
            "py/object": "markups.search_markup.SearchMarkupSearchResult",
            "snippet": {
                "attr": "string",
                "py/object": "trees.html_path.HTMLPath",
                "xpath": "//html/body[1]/div[3]/div[2]/div[2]/div[1]/div[1]/ul[1]/li[7]/div[1]/div[2]/div[1]"
            },
            "title": {
                "attr": "string",
                "py/object": "trees.html_path.HTMLPath",
                "xpath": "//html/body[1]/div[3]/div[2]/div[2]/div[1]/div[1]/ul[1]/li[7]/div[1]/h2/a"
            },
            "type": "SEARCH_RESULT",
            "view_url": {
                "attr": "href",
                "py/object": "trees.html_path.HTMLPath",
                "xpath": "//html/body[1]/div[3]/div[2]/div[2]/div[1]/div[1]/ul[1]/li[7]/div[1]/div/div[1]/a[last()]"
            }
        },
        {
            "alignment": "LEFT",
            "page_url": {
                "attr": "href",
                "py/object": "trees.html_path.HTMLPath",
                "xpath": "//html/body[1]/div[3]/div[2]/div[2]/div[1]/div[1]/ul[1]/li[8]/div[1]/h2/a"
            },
            "py/object": "markups.search_markup.SearchMarkupSearchResult",
            "snippet": {
                "attr": "string",
                "py/object": "trees.html_path.HTMLPath",
                "xpath": "//html/body[1]/div[3]/div[2]/div[2]/div[1]/div[1]/ul[1]/li[8]/div[1]/div[2]/div[1]"
            },
            "title": {
                "attr": "string",
                "py/object": "trees.html_path.HTMLPath",
                "xpath": "//html/body[1]/div[3]/div[2]/div[2]/div[1]/div[1]/ul[1]/li[8]/div[1]/h2/a"
            },
            "type": "SEARCH_RESULT",
            "view_url": {
                "attr": "href",
                "py/object": "trees.html_path.HTMLPath",
                "xpath": "//html/body[1]/div[3]/div[2]/div[2]/div[1]/div[1]/ul[1]/li[8]/div[1]/div/div[1]/a[last()]"
            }
        },
        {
            "alignment": "LEFT",
            "page_url": {
                "attr": "href",
                "py/object": "trees.html_path.HTMLPath",
                "xpath": "//html/body[1]/div[3]/div[2]/div[2]/div[1]/div[1]/ul[1]/li[9]/div[1]/h2/a"
            },
            "py/object": "markups.search_markup.SearchMarkupSearchResult",
            "snippet": {
                "attr": "string",
                "py/object": "trees.html_path.HTMLPath",
                "xpath": "//html/body[1]/div[3]/div[2]/div[2]/div[1]/div[1]/ul[1]/li[9]/div[1]/div[2]/div[1]"
            },
            "title": {
                "attr": "string",
                "py/object": "trees.html_path.HTMLPath",
                "xpath": "//html/body[1]/div[3]/div[2]/div[2]/div[1]/div[1]/ul[1]/li[9]/div[1]/h2/a"
            },
            "type": "SEARCH_RESULT",
            "view_url": {
                "attr": "href",
                "py/object": "trees.html_path.HTMLPath",
                "xpath": "//html/body[1]/div[3]/div[2]/div[2]/div[1]/div[1]/ul[1]/li[9]/div[1]/div/div[1]/a[last()]"
            }
        },
        {
            "alignment": "LEFT",
            "page_url": {
                "attr": "href",
                "py/object": "trees.html_path.HTMLPath",
                "xpath": "//html/body[1]/div[3]/div[2]/div[2]/div[1]/div[1]/ul[1]/li[10]/div[1]/h2/a"
            },
            "py/object": "markups.search_markup.SearchMarkupSearchResult",
            "snippet": {
                "attr": "string",
                "py/object": "trees.html_path.HTMLPath",
                "xpath": "//html/body[1]/div[3]/div[2]/div[2]/div[1]/div[1]/ul[1]/li[10]/div[1]/div[2]/div[1]"
            },
            "title": {
                "attr": "string",
                "py/object": "trees.html_path.HTMLPath",
                "xpath": "//html/body[1]/div[3]/div[2]/div[2]/div[1]/div[1]/ul[1]/li[10]/div[1]/h2/a"
            },
            "type": "SEARCH_RESULT",
            "view_url": {
                "attr": "href",
                "py/object": "trees.html_path.HTMLPath",
                "xpath": "//html/body[1]/div[3]/div[2]/div[2]/div[1]/div[1]/ul[1]/li[10]/div[1]/div/div[1]/a[last()]"
            }
        }
    ],
    "file": "9.html",
    "py/object": "markups.search_markup.SearchMarkup",
    "type": "HTMLTree"
}