{
    "components": [
        {
            "actors": "\n      Тиль Швайгер, Ян Йозеф Лиферс, ...\n     ",
            "alignment": "LEFT",
            "image": "https://st.kp.yandex.net/images/spacer.gif",
            "page_url": "/film/dostuchatsya-do-nebes-1997-32898/sr/1/",
            "py/object": "parser_result.Component",
            "snippet": "Германия, реж. Томас Ян\n     \t(драма, комедия, криминал)\n     ",
            "title": "Достучаться до небес",
            "type": "EvaluatedCinema",
            "value": "8.6",
            "year": "1997"
        },
        {
            "actors": "\n      Дженнифер Гарнер, Кайли Роджерс, ...\n     ",
            "alignment": "LEFT",
            "image": "https://st.kp.yandex.net/images/spacer.gif",
            "page_url": "/film/chudesa-s-nebes-2016-910532/sr/1/",
            "py/object": "parser_result.Component",
            "snippet": "США, реж. Патрисия Ригген\n     \t(драма, семейный, биография)\n     ",
            "title": "Чудеса с небес",
            "type": "EvaluatedCinema",
            "value": "7.0",
            "year": "2016"
        },
        {
            "actors": "\n      Дебра Уингер, Джон Малкович, ...\n     ",
            "alignment": "LEFT",
            "image": "https://st.kp.yandex.net/images/spacer.gif",
            "page_url": "/film/pod-pokrovom-nebes-1990-6777/sr/1/",
            "py/object": "parser_result.Component",
            "snippet": "Великобритания... реж. Бернардо Бертолуччи\n     \t(драма, приключения)\n     ",
            "title": "Под покровом небес",
            "type": "EvaluatedCinema",
            "value": "7.5",
            "year": "1990"
        },
        {
            "actors": "\n      Мухаммад Амир Наджи, Амир Фаррух Хашемян, ...\n     ",
            "alignment": "LEFT",
            "image": "https://st.kp.yandex.net/images/spacer.gif",
            "page_url": "/film/deti-nebes-1997-76749/sr/1/",
            "py/object": "parser_result.Component",
            "snippet": "Иран, реж. Маджид Маджиди\n     \t(драма, семейный)\n     ",
            "title": "Дети небес",
            "type": "EvaluatedCinema",
            "value": "8.0",
            "year": "1997"
        },
        {
            "actors": "\n      Намикава Даисукэ, Мамико Ното, ...\n     ",
            "alignment": "LEFT",
            "image": "https://st.kp.yandex.net/images/spacer.gif",
            "page_url": "/film/dostuchatsya-do-tebya-2009-500456/sr/1/",
            "py/object": "parser_result.Component",
            "snippet": "Япония, реж. Кабураки Хиро\n     \t(аниме, мультфильм, мелодрама)\n     ",
            "title": "Достучаться до тебя (сериал)",
            "type": "EvaluatedCinema",
            "value": "7.9",
            "year": "2009 – 2011"
        },
        {
            "actors": "\n      Павел Трубинер, Кристина Бабушкина, ...\n     ",
            "alignment": "LEFT",
            "image": "https://st.kp.yandex.net/images/spacer.gif",
            "page_url": "/film/s-nebes-na-zemlyu-2015-893543/sr/1/",
            "py/object": "parser_result.Component",
            "snippet": "Россия, реж. Петр Амелин\n     \t(детектив)\n     ",
            "title": "С небес на землю (мини-сериал)",
            "type": "EvaluatedCinema",
            "value": "6.6",
            "year": "2015"
        }
    ],
    "py/object": "parser_result.ParserResult"
}