{
    "components": [
        {
            "actors": "\n      Рассел Кроу, Эд Харрис, ...\n     ",
            "alignment": "LEFT",
            "image": "https://st.kp.yandex.net/images/spacer.gif",
            "page_url": "/film/igry-razuma-2001-530/sr/1/",
            "py/object": "parser_result.Component",
            "snippet": "США, реж. Рон Ховард\n     \t(драма, биография)\n     ",
            "title": "Игры разума",
            "type": "EvaluatedCinema",
            "value": "8.6",
            "year": "2001"
        },
        {
            "actors": "\n      Кари Кигэн, Джеймс Уайлдер, ...\n     ",
            "alignment": "LEFT",
            "image": "https://st.kp.yandex.net/images/spacer.gif",
            "page_url": "/film/igry-razuma-2003-23828/sr/1/",
            "py/object": "parser_result.Component",
            "snippet": "США, реж. Адриан Карр\n     \t(детектив)\n     ",
            "title": "Игры разума",
            "type": "EvaluatedCinema",
            "value": "7.8",
            "year": "2003"
        },
        {
            "actors": "\n      Кристиан Слэйтер, Стив Зан, ...\n     ",
            "alignment": "LEFT",
            "image": "https://st.kp.yandex.net/images/spacer.gif",
            "page_url": "/film/igry-razuma-2014-742558/sr/1/",
            "py/object": "parser_result.Component",
            "snippet": "США, реж. Тимоти Басфилд...\n     \t(драма)\n     ",
            "title": "Игры разума (сериал)",
            "type": "EvaluatedCinema",
            "value": "6.3",
            "year": "2014"
        },
        {
            "actors": "\n      Максвелл Колфилд, Эдвард Альберт, ...\n     ",
            "alignment": "LEFT",
            "image": "https://st.kp.yandex.net/images/spacer.gif",
            "page_url": "/film/igry-razuma-1989-32113/sr/1/",
            "py/object": "parser_result.Component",
            "snippet": "США, реж. Боб Яри\n     \t(триллер)\n     ",
            "title": "Игры разума",
            "type": "Cinema",
            "year": "1989"
        },
        {
            "actors": "\n      Джейсон Сильва, Bert Thomas Morris, ...\n     ",
            "alignment": "LEFT",
            "image": "https://st.kp.yandex.net/images/spacer.gif",
            "page_url": "/film/igry-razuma-2011-635433/sr/1/",
            "py/object": "parser_result.Component",
            "snippet": "США, реж. Майкл Нигро...\n     \t(документальный, игра, реальное ТВ...)\n     ",
            "title": "Игры разума (сериал)",
            "type": "EvaluatedCinema",
            "value": "8.4",
            "year": "2011 – ..."
        },
        {
            "actors": "\n      Фиона Шоу, Финбар Линч, ...\n     ",
            "alignment": "LEFT",
            "image": "https://st.kp.yandex.net/images/spacer.gif",
            "page_url": "/film/igry-razuma-2001-298744/sr/1/",
            "py/object": "parser_result.Component",
            "snippet": "Великобритания, реж. Ричард Стэндевен\n     \t(триллер, драма, криминал...)\n     ",
            "title": "Игры разума (ТВ)",
            "type": "Cinema",
            "year": "2001"
        },
        {
            "alignment": "LEFT",
            "image": "https://st.kp.yandex.net/images/sm_actor/284474.jpg",
            "page_url": "/name/284474/sr/1/",
            "py/object": "parser_result.Component",
            "snippet": "\n     \tактриса\n     \t\n     \t66 лет\n     ",
            "title": "Регина Разума",
            "type": "Actor"
        },
        {
            "alignment": "LEFT",
            "image": "https://st.kp.yandex.net/images/no-poster.gif",
            "page_url": "/name/91431/sr/1/",
            "py/object": "parser_result.Component",
            "snippet": "\n     \tактер\n     \t\n     \t\n     ",
            "title": "Игро Галин",
            "type": "Actor"
        },
        {
            "alignment": "LEFT",
            "image": "https://st.kp.yandex.net/images/no-poster.gif",
            "page_url": "/name/766495/sr/1/",
            "py/object": "parser_result.Component",
            "snippet": "\n     \tоператор\n     \t\n     \t80 лет\n     ",
            "title": "Александр Разумов",
            "type": "Actor"
        },
        {
            "alignment": "LEFT",
            "image": "https://st.kp.yandex.net/images/no-poster.gif",
            "page_url": "/name/351872/sr/1/",
            "py/object": "parser_result.Component",
            "snippet": "\n     \tактер\n     \t\n     \t68 лет\n     ",
            "title": "Степан  Разумов",
            "type": "Actor"
        },
        {
            "alignment": "LEFT",
            "image": "https://st.kp.yandex.net/images/no-poster.gif",
            "page_url": "/name/2763976/sr/1/",
            "py/object": "parser_result.Component",
            "snippet": "\n     \tхудожник\n     \t\n     \t\n     ",
            "title": "Дмитрий Разумов",
            "type": "Actor"
        }
    ],
    "py/object": "parser_result.ParserResult"
}