{
    "components": [
        {
            "alignment": "LEFT",
            "page_url": {
                "attr": "href",
                "py/object": "trees.html_path.HTMLPath",
                "xpath": "//html/body[1]/div[3]/div[1]/table[1]/tr[1]/td[1]/div[1]/div[3]/div[1]/div[2]/p/a"
            },
            "py/object": "markups.cinema_markup.CinemaComponent",
            "snippet": {
                "attr": "string",
                "py/object": "trees.html_path.HTMLPath",
                "xpath": "//html/body[1]/div[3]/div[1]/table[1]/tr[1]/td[1]/div[1]/div[3]/div[1]/div[2]/span[2]"
            },
            "title": {
                "attr": "string",
                "py/object": "trees.html_path.HTMLPath",
                "xpath": "//html/body[1]/div[3]/div[1]/table[1]/tr[1]/td[1]/div[1]/div[3]/div[1]/div[2]/p/a"
            },
            "type": "Cinema",
            "year": {
                "attr": "string",
                "py/object": "trees.html_path.HTMLPath",
                "xpath": "//html/body[1]/div[3]/div[1]/table[1]/tr[1]/td[1]/div[1]/div[3]/div[1]/div[2]/p/span"
            }
        },
        {
            "alignment": "LEFT",
            "page_url": {
                "attr": "href",
                "py/object": "trees.html_path.HTMLPath",
                "xpath": "//html/body[1]/div[3]/div[1]/table[1]/tr[1]/td[1]/div[1]/div[4]/div[1]/div[2]/p/a"
            },
            "py/object": "markups.cinema_markup.CinemaComponent",
            "snippet": {
                "attr": "string",
                "py/object": "trees.html_path.HTMLPath",
                "xpath": "//html/body[1]/div[3]/div[1]/table[1]/tr[1]/td[1]/div[1]/div[4]/div[1]/div[2]/span[2]"
            },
            "title": {
                "attr": "string",
                "py/object": "trees.html_path.HTMLPath",
                "xpath": "//html/body[1]/div[3]/div[1]/table[1]/tr[1]/td[1]/div[1]/div[4]/div[1]/div[2]/p/a"
            },
            "type": "Cinema",
            "year": {
                "attr": "string",
                "py/object": "trees.html_path.HTMLPath",
                "xpath": "//html/body[1]/div[3]/div[1]/table[1]/tr[1]/td[1]/div[1]/div[4]/div[1]/div[2]/p/span"
            }
        },
        {
            "alignment": "LEFT",
            "page_url": {
                "attr": "href",
                "py/object": "trees.html_path.HTMLPath",
                "xpath": "//html/body[1]/div[3]/div[1]/table[1]/tr[1]/td[1]/div[1]/div[4]/div[2]/div[2]/p/a"
            },
            "py/object": "markups.cinema_markup.CinemaComponent",
            "snippet": {
                "attr": "string",
                "py/object": "trees.html_path.HTMLPath",
                "xpath": "//html/body[1]/div[3]/div[1]/table[1]/tr[1]/td[1]/div[1]/div[4]/div[2]/div[2]/span[2]"
            },
            "title": {
                "attr": "string",
                "py/object": "trees.html_path.HTMLPath",
                "xpath": "//html/body[1]/div[3]/div[1]/table[1]/tr[1]/td[1]/div[1]/div[4]/div[2]/div[2]/p/a"
            },
            "type": "Cinema",
            "year": {
                "attr": "string",
                "py/object": "trees.html_path.HTMLPath",
                "xpath": "//html/body[1]/div[3]/div[1]/table[1]/tr[1]/td[1]/div[1]/div[4]/div[2]/div[2]/p/span"
            }
        },
        {
            "alignment": "LEFT",
            "page_url": {
                "attr": "href",
                "py/object": "trees.html_path.HTMLPath",
                "xpath": "//html/body[1]/div[3]/div[1]/table[1]/tr[1]/td[1]/div[1]/div[4]/div[3]/div[2]/p/a"
            },
            "py/object": "markups.cinema_markup.CinemaComponent",
            "snippet": {
                "attr": "string",
                "py/object": "trees.html_path.HTMLPath",
                "xpath": "//html/body[1]/div[3]/div[1]/table[1]/tr[1]/td[1]/div[1]/div[4]/div[3]/div[2]/span[2]"
            },
            "title": {
                "attr": "string",
                "py/object": "trees.html_path.HTMLPath",
                "xpath": "//html/body[1]/div[3]/div[1]/table[1]/tr[1]/td[1]/div[1]/div[4]/div[3]/div[2]/p/a"
            },
            "type": "Cinema",
            "year": {
                "attr": "string",
                "py/object": "trees.html_path.HTMLPath",
                "xpath": "//html/body[1]/div[3]/div[1]/table[1]/tr[1]/td[1]/div[1]/div[4]/div[3]/div[2]/p/span"
            }
        },
        {
            "alignment": "LEFT",
            "page_url": {
                "attr": "href",
                "py/object": "trees.html_path.HTMLPath",
                "xpath": "//html/body[1]/div[3]/div[1]/table[1]/tr[1]/td[1]/div[1]/div[4]/div[4]/div[2]/p/a"
            },
            "py/object": "markups.cinema_markup.CinemaComponent",
            "snippet": {
                "attr": "string",
                "py/object": "trees.html_path.HTMLPath",
                "xpath": "//html/body[1]/div[3]/div[1]/table[1]/tr[1]/td[1]/div[1]/div[4]/div[4]/div[2]/span[2]"
            },
            "title": {
                "attr": "string",
                "py/object": "trees.html_path.HTMLPath",
                "xpath": "//html/body[1]/div[3]/div[1]/table[1]/tr[1]/td[1]/div[1]/div[4]/div[4]/div[2]/p/a"
            },
            "type": "Cinema",
            "year": {
                "attr": "string",
                "py/object": "trees.html_path.HTMLPath",
                "xpath": "//html/body[1]/div[3]/div[1]/table[1]/tr[1]/td[1]/div[1]/div[4]/div[4]/div[2]/p/span"
            }
        },
        {
            "alignment": "LEFT",
            "page_url": {
                "attr": "href",
                "py/object": "trees.html_path.HTMLPath",
                "xpath": "//html/body[1]/div[3]/div[1]/table[1]/tr[1]/td[1]/div[1]/div[4]/div[5]/div[2]/p/a"
            },
            "py/object": "markups.cinema_markup.CinemaComponent",
            "snippet": {
                "attr": "string",
                "py/object": "trees.html_path.HTMLPath",
                "xpath": "//html/body[1]/div[3]/div[1]/table[1]/tr[1]/td[1]/div[1]/div[4]/div[5]/div[2]/span[2]"
            },
            "title": {
                "attr": "string",
                "py/object": "trees.html_path.HTMLPath",
                "xpath": "//html/body[1]/div[3]/div[1]/table[1]/tr[1]/td[1]/div[1]/div[4]/div[5]/div[2]/p/a"
            },
            "type": "Cinema",
            "year": {
                "attr": "string",
                "py/object": "trees.html_path.HTMLPath",
                "xpath": "//html/body[1]/div[3]/div[1]/table[1]/tr[1]/td[1]/div[1]/div[4]/div[5]/div[2]/p/span"
            }
        }
    ],
    "file": "20.html",
    "py/object": "markups.cinema_markup.CinemaMarkup",
    "type": "HTMLTree"
}