{
    "components": [
        {
            "alignment": "LEFT",
            "image": "https://st.kp.yandex.net/images/spacer.gif",
            "page_url": "/film/matrica-1999-301/sr/1/",
            "py/object": "parser_result.Component",
            "snippet": "США, реж. Лана Вачовски...\n     \t(фантастика, боевик)\n     ",
            "title": "Матрица",
            "type": "EvaluatedCinema",
            "value": "8.5",
            "year": "1999"
        },
        {
            "alignment": "LEFT",
            "image": "https://st.kp.yandex.net/images/spacer.gif",
            "page_url": "/film/matrica-1993-400787/sr/1/",
            "py/object": "parser_result.Component",
            "snippet": "Канада, реж. Хорхе Монтеси...\n     \t(фэнтези, боевик, триллер...)\n     ",
            "title": "Матрица (сериал)",
            "type": "EvaluatedCinema",
            "value": "6.0",
            "year": "1993"
        },
        {
            "alignment": "LEFT",
            "image": "https://st.kp.yandex.net/images/spacer.gif",
            "page_url": "/film/matrica-perezagruzka-2003-299/sr/1/",
            "py/object": "parser_result.Component",
            "snippet": "США... реж. Лана Вачовски...\n     \t(фантастика, боевик)\n     ",
            "title": "Матрица: Перезагрузка",
            "type": "EvaluatedCinema",
            "value": "7.7",
            "year": "2003"
        },
        {
            "alignment": "LEFT",
            "image": "https://st.kp.yandex.net/images/spacer.gif",
            "page_url": "/film/matrica-revolyuciya-2003-316/sr/1/",
            "py/object": "parser_result.Component",
            "snippet": "Австралия... реж. Лана Вачовски...\n     \t(фантастика, боевик)\n     ",
            "title": "Матрица: Революция",
            "type": "EvaluatedCinema",
            "value": "7.6",
            "year": "2003"
        },
        {
            "alignment": "LEFT",
            "image": "https://st.kp.yandex.net/images/spacer.gif",
            "page_url": "/film/matritsa-vremeni-2017-556944/sr/1/",
            "py/object": "parser_result.Component",
            "snippet": "США, реж. Ри Руссо-Янг\n     \t(триллер, драма, детектив)\n     ",
            "title": "Матрица времени",
            "type": "EvaluatedCinema",
            "value": "6.2",
            "year": "2017"
        },
        {
            "alignment": "LEFT",
            "image": "https://st.kp.yandex.net/images/spacer.gif",
            "page_url": "/film/armitazh-dvoynaya-matrica-2002-252252/sr/1/",
            "py/object": "parser_result.Component",
            "snippet": "Япония, реж. Кацухито Акияма\n     \t(аниме, мультфильм, фантастика...)\n     ",
            "title": "Армитаж: Двойная матрица (видео)",
            "type": "EvaluatedCinema",
            "value": "6.6",
            "year": "2002"
        }
    ],
    "py/object": "parser_result.ParserResult"
}