{
    "components": [
        {
            "alignment": "LEFT",
            "page_url": "/film/unesyonnye-prizrakami-2001-370/sr/1/",
            "py/object": "parser_result.Component",
            "snippet": "Япония, реж. Хаяо Миядзаки\n     \t(аниме, мультфильм, фэнтези...)\n     ",
            "title": "Унесённые призраками",
            "type": "EvaluatedCinema",
            "value": "8.4",
            "year": "2001"
        },
        {
            "alignment": "LEFT",
            "page_url": "/film/unesennye-vetrom-1939-456/sr/1/",
            "py/object": "parser_result.Component",
            "snippet": "США, реж. Виктор Флеминг...\n     \t(драма, мелодрама, военный...)\n     ",
            "title": "Унесенные ветром",
            "type": "EvaluatedCinema",
            "value": "8.4",
            "year": "1939"
        },
        {
            "alignment": "LEFT",
            "page_url": "/film/unesennye-2002-18974/sr/1/",
            "py/object": "parser_result.Component",
            "snippet": "Великобритания... реж. Гай Ричи\n     \t(мелодрама, комедия)\n     ",
            "title": "Унесенные",
            "type": "EvaluatedCinema",
            "value": "5.8",
            "year": "2002"
        },
        {
            "alignment": "LEFT",
            "page_url": "/film/govoryashhaya-s-prizrakami-2005-151513/sr/1/",
            "py/object": "parser_result.Component",
            "snippet": "США, реж. Йен Сэндер...\n     \t(фэнтези, драма)\n     ",
            "title": "Говорящая с призраками (сериал)",
            "type": "EvaluatedCinema",
            "value": "7.3",
            "year": "2005 – 2010"
        },
        {
            "alignment": "LEFT",
            "page_url": "/film/lyubovnitsa-dyavola-unesennye-strastyu-2008-436178/sr/1/",
            "py/object": "parser_result.Component",
            "snippet": "США... реж. Марк Манден\n     \t(драма, мелодрама, военный...)\n     ",
            "title": "Любовница Дьявола: Унесенные страстью (мини-сериал)",
            "type": "EvaluatedCinema",
            "value": "6.8",
            "year": "2008"
        }
    ],
    "py/object": "parser_result.ParserResult"
}