{
    "components": [
        {
            "alignment": "LEFT",
            "page_url": "/film/boycovskiy-klub-1999-361/sr/1/",
            "py/object": "parser_result.Component",
            "snippet": "США... реж. Дэвид Финчер\n     \t(триллер, драма, криминал)\n     ",
            "title": "Бойцовский клуб",
            "type": "Cinema",
            "year": "1999"
        },
        {
            "alignment": "LEFT",
            "page_url": "/film/boytsovskiy-klub-2006-211448/sr/1/",
            "py/object": "parser_result.Component",
            "snippet": "Индия, реж. Абхай Чопра...\n     \t(боевик)\n     ",
            "title": "Бойцовский клуб",
            "type": "Cinema",
            "year": "2006"
        },
        {
            "alignment": "LEFT",
            "page_url": "/film/boycovskiy-klub-supergeroev-2015-903251/sr/1/",
            "py/object": "parser_result.Component",
            "snippet": "США\n     \t(боевик, короткометражка)\n     ",
            "title": "Бойцовский клуб супергероев (ТВ)",
            "type": "Cinema",
            "year": "2015"
        },
        {
            "alignment": "LEFT",
            "page_url": "/film/boytsovskiy-klub-zombi-2014-839371/sr/1/",
            "py/object": "parser_result.Component",
            "snippet": "Тайвань, реж. Джо Цзе\n     \t(ужасы, боевик)\n     ",
            "title": "Бойцовский клуб зомби",
            "type": "Cinema",
            "year": "2014"
        },
        {
            "alignment": "LEFT",
            "page_url": "/film/boytsovskiy-klub-supergeroev-20-2016-1005887/sr/1/",
            "py/object": "parser_result.Component",
            "snippet": "США\n     \t(короткометражка, боевик)\n     ",
            "title": "Бойцовский клуб супергероев 2.0 (видео)",
            "type": "Cinema",
            "year": "2016"
        },
        {
            "alignment": "LEFT",
            "page_url": "/film/spidran-boycovskiy-klub-za-60-sekund-2013-807495/sr/1/",
            "py/object": "parser_result.Component",
            "snippet": "Россия\n     \t(короткометражка, мультфильм)\n     ",
            "title": "Спидран: Бойцовский клуб за 60 секунд",
            "type": "Cinema",
            "year": "2013"
        },
        {
            "alignment": "LEFT",
            "page_url": "/name/2275445/sr/1/",
            "py/object": "parser_result.Component",
            "snippet": "\n     \tактер\n     \t\n     \t60 лет\n     ",
            "title": "Евгений Клубов",
            "type": "Cinema",
            "year": "1957"
        },
        {
            "alignment": "LEFT",
            "page_url": "/level/9/cinema/263620/",
            "py/object": "parser_result.Component",
            "snippet": "+7 (495) 287-02-11 ",
            "title": "«Фитиль-клуб»",
            "type": "Cinema",
            "year": "Москва"
        },
        {
            "alignment": "LEFT",
            "page_url": "/level/9/cinema/280307/",
            "py/object": "parser_result.Component",
            "snippet": "+7 (495) 917-57-06 ",
            "title": "«Клуб \"Культ\"»",
            "type": "Cinema",
            "year": "Москва"
        },
        {
            "alignment": "LEFT",
            "page_url": "/level/9/cinema/280632/",
            "py/object": "parser_result.Component",
            "snippet": "+7 (812) 406-93-86 ",
            "title": "«Пресс-клуб «Зеленая лампа»»",
            "type": "Cinema",
            "year": "Санкт-Петербург"
        },
        {
            "alignment": "LEFT",
            "page_url": "/level/9/cinema/265062/",
            "py/object": "parser_result.Component",
            "snippet": "+7 (3522) 60-03-00 ",
            "title": "«Кино&Клуб»",
            "type": "Cinema",
            "year": "Курган"
        },
        {
            "alignment": "LEFT",
            "page_url": "/level/9/cinema/280693/",
            "py/object": "parser_result.Component",
            "snippet": "+375 (29) 101-95-95 ",
            "title": "«Караоке-клуб ЦЕНТР»",
            "type": "Cinema",
            "year": "Минск"
        }
    ],
    "py/object": "parser_result.ParserResult"
}