{"batchcomplete":"","continue":{"sroffset":10,"continue":"-||"},"query":{"searchinfo":{"totalhits":410108},"search":[{"ns":0,"title":"Россия","pageid":9,"size":808959,"wordcount":44414,"snippet":"богатеют, а <span class=\"searchmatch\">Россия</span> — наоборот // РБК, 25.11.2016 ↑ Рост числа наркоманов в <span class=\"searchmatch\">России</span> остановился на восьми миллионах.  Lenta.ru (26 июня 2014). ↑ <span class=\"searchmatch\">Россия</span>: рекорды","timestamp":"2017-11-20T20:45:15Z"},{"ns":0,"title":"Россия-1","pageid":283540,"size":228292,"wordcount":12731,"snippet":"анонсах упоминается, как канал «<span class=\"searchmatch\">Россия</span>». «<span class=\"searchmatch\">Россия</span>-1» является главным и основным телеканалом ВГТРК. На телеканале «<span class=\"searchmatch\">Россия</span>-1» есть единые эфирные окна для","timestamp":"2017-11-22T12:21:53Z"},{"ns":0,"title":"Россия (авиакомпания)","pageid":351082,"size":29674,"wordcount":1223,"snippet":"<span class=\"searchmatch\">Росси́я</span> (юридическое название АО «Авиакомпания „<span class=\"searchmatch\">Россия</span>“») — российская авиакомпания, входящая в группу Аэрофлот. Компания базируется в Санкт-Петербурге","timestamp":"2017-10-14T18:18:26Z"},{"ns":0,"title":"Россия-2","pageid":2013272,"size":68962,"wordcount":3914,"snippet":"Максим Домчев. Неспортивная <span class=\"searchmatch\">Россия</span>.  Газета.Ru (30 сентября 2009). Проверено 3 октября 2009. ↑ Би-би-си | <span class=\"searchmatch\">Россия</span> | В <span class=\"searchmatch\">России</span> запущен спортивный телеканал","timestamp":"2017-11-11T01:43:49Z"},{"ns":0,"title":"Единая Россия","pageid":15325,"size":357169,"wordcount":20616,"snippet":"«sovereignty»   ↑ ХI Съезд партии «ЕДИНАЯ <span class=\"searchmatch\">РОССИЯ</span>» // Официальный сайт партии «Единая <span class=\"searchmatch\">Россия</span>» ↑ «Единая <span class=\"searchmatch\">Россия</span>» позвала <span class=\"searchmatch\">россиян</span> в светлое прошлое // Коммерсантъ","timestamp":"2017-11-20T05:38:03Z"},{"ns":0,"title":"Справедливая Россия","pageid":347872,"size":102641,"wordcount":5942,"snippet":"претендует. Партия «Справедливая <span class=\"searchmatch\">Россия</span>» — прямой преемник Российской партии Жизни. С середины 2012 года «Справедливая <span class=\"searchmatch\">Россия</span>» полностью поддерживает политику","timestamp":"2017-10-27T22:56:24Z"},{"ns":0,"title":"Россия-24","pageid":552757,"size":54495,"wordcount":3095,"snippet":"«<span class=\"searchmatch\">Россия</span>-24» получил эфирные частоты для вещания в Крыму и Севастополе вместо отключенного за долги телеканала «Черноморская ТРК». .  Телеканал «<span class=\"searchmatch\">Россия</span>-24»","timestamp":"2017-11-15T07:25:27Z"},{"ns":0,"title":"Россия сегодня","pageid":4813078,"size":20400,"wordcount":1045,"snippet":"агентство „<span class=\"searchmatch\">Россия</span> сегодня“» (ФГУП МИА «<span class=\"searchmatch\">Россия</span> сегодня») — российское информационное агентство. Создано 9 декабря 2013 года указом президента <span class=\"searchmatch\">России</span> Владимира","timestamp":"2017-11-05T15:40:26Z"},{"ns":0,"title":"Отечество — Вся Россия","pageid":31413,"size":32044,"wordcount":1363,"snippet":"объединений Единство—Отечество—Вся <span class=\"searchmatch\">Россия</span>», на котором союз был преобразован в политическую партию ВПП Единая <span class=\"searchmatch\">Россия</span>. 9 апреля 2002 года состоялся IV съезд","timestamp":"2017-10-27T12:58:12Z"},{"ns":0,"title":"Государственный центральный концертный зал «Россия»","pageid":1832265,"size":7634,"wordcount":371,"snippet":"Госуда́рственный центра́льный конце́ртный зал «<span class=\"searchmatch\">Росси́я</span>» (ГЦКЗ «<span class=\"searchmatch\">Россия</span>») — муниципальное учреждение культуры, подчинённое Правительству Москвы. Первоначально","timestamp":"2017-09-29T16:24:11Z"}]}}