{"batchcomplete":"","continue":{"sroffset":10,"continue":"-||"},"query":{"searchinfo":{"totalhits":59470},"search":[{"ns":0,"title":"Первая мировая война","pageid":11377,"size":287507,"wordcount":16495,"snippet":"Забытая <span class=\"searchmatch\">война</span>. Цикл документальных фильмов телеканала «Звезда» — 12 серий <span class=\"searchmatch\">Первая</span> <span class=\"searchmatch\">мировая</span> <span class=\"searchmatch\">война</span> в цвете: Кровь в воздухе <span class=\"searchmatch\">Первая</span> <span class=\"searchmatch\">мировая</span> <span class=\"searchmatch\">война</span>. Суицид старой","timestamp":"2017-11-22T20:23:47Z"},{"ns":0,"title":"Итальянский фронт Первой мировой войны","pageid":391019,"size":141286,"wordcount":8683,"snippet":"Зайончковский А. М. <span class=\"searchmatch\">Первая</span> <span class=\"searchmatch\">мировая</span> <span class=\"searchmatch\">война</span>. — СПб.: Полигон, 2000. — 878 с. — ISBN 5-89173-082-0. ↑ Вержховский Д. В. <span class=\"searchmatch\">Первая</span> <span class=\"searchmatch\">мировая</span> <span class=\"searchmatch\">война</span> 1914—1918. — М.:","timestamp":"2017-10-16T02:42:34Z"},{"ns":0,"title":"Западный фронт Первой мировой войны","pageid":603735,"size":82440,"wordcount":5140,"snippet":"Наука, 2002.  Кн. 1: <span class=\"searchmatch\">Первая</span> <span class=\"searchmatch\">мировая</span> <span class=\"searchmatch\">война</span>: ист. очерк Кн. 2: <span class=\"searchmatch\">Первая</span> <span class=\"searchmatch\">мировая</span> <span class=\"searchmatch\">война</span>: док. и материалы  Уткин А. И. <span class=\"searchmatch\">Первая</span> <span class=\"searchmatch\">мировая</span> <span class=\"searchmatch\">война</span>. — М.: Алгоритм, 2001","timestamp":"2017-10-12T01:36:47Z"},{"ns":0,"title":"Мировая война","pageid":255777,"size":4050,"wordcount":186,"snippet":"течение XX века (<span class=\"searchmatch\">Первая</span> <span class=\"searchmatch\">мировая</span> <span class=\"searchmatch\">война</span> 28 июля 1914 – 11 ноября 1918 и Вторая <span class=\"searchmatch\">мировая</span> <span class=\"searchmatch\">война</span> 1 сентября 1939 – 2 сентября 1945). Эти <span class=\"searchmatch\">войны</span> затронули большинство","timestamp":"2017-10-03T20:43:30Z"},{"ns":0,"title":"Первая мировая война на море","pageid":381717,"size":31649,"wordcount":1745,"snippet":"«German Battlecruisers 1914-18» стр. 19 ↑ <span class=\"searchmatch\">Первая</span> <span class=\"searchmatch\">Мировая</span> <span class=\"searchmatch\">война</span> на Русском Севере ↑ В борьбе за вторые Дарданеллы. Североевропейский театр <span class=\"searchmatch\">мировой</span> <span class=\"searchmatch\">войны</span>","timestamp":"2017-11-10T21:04:57Z"},{"ns":0,"title":"Первая мировая война на Средиземном море","pageid":1560051,"size":21335,"wordcount":1340,"snippet":"<span class=\"searchmatch\">Первая</span> <span class=\"searchmatch\">мировая</span> <span class=\"searchmatch\">война</span> на Средиземном море — боевые действия военно-морских сил воющих государств на Средиземном море во время <span class=\"searchmatch\">Первой</span> <span class=\"searchmatch\">мировой</span> <span class=\"searchmatch\">войны</span> 1914—1918 годов","timestamp":"2017-09-24T13:41:58Z"},{"ns":0,"title":"Кавказский фронт (Первая мировая война)","pageid":1071205,"size":89364,"wordcount":5761,"snippet":"Russian soldiers.    <span class=\"searchmatch\">Мировая</span> <span class=\"searchmatch\">война</span> в цифрах. — М.: Военгиз, 1934. — 128 с. — 15 000 экз. Зайончковский А. М. <span class=\"searchmatch\">Первая</span> <span class=\"searchmatch\">мировая</span> <span class=\"searchmatch\">война</span>. — СПб.: Полигон, 2000","timestamp":"2017-10-26T16:35:23Z"},{"ns":0,"title":"Австралийские имперские силы (Первая мировая война)","pageid":3639526,"size":29213,"wordcount":1671,"snippet":"Австралийской армии периода <span class=\"searchmatch\">Первой</span> <span class=\"searchmatch\">мировой</span> <span class=\"searchmatch\">войны</span>. Были созданы 15 августа 1914 года вслед за британским объявлением <span class=\"searchmatch\">войны</span> Германской империи. В состав","timestamp":"2017-10-27T23:23:36Z"},{"ns":0,"title":"Сербская кампания Первой мировой войны","pageid":389494,"size":11682,"wordcount":635,"snippet":"составляло 33 % её населения.         <span class=\"searchmatch\">Первая</span> <span class=\"searchmatch\">мировая</span> <span class=\"searchmatch\">война</span> началась 28 июля 1914, когда Австро-Венгрия объявила <span class=\"searchmatch\">войну</span> Сербии. В обеих странах началась массовая","timestamp":"2017-06-13T01:25:43Z"},{"ns":0,"title":"Третья мировая война","pageid":438859,"size":43003,"wordcount":2697,"snippet":"Третья <span class=\"searchmatch\">мировая</span> <span class=\"searchmatch\">война</span> — гипотетический глобальный конфликт между политическими образованиями (государствами, политическими группировками и так далее) с","timestamp":"2017-11-19T10:38:27Z"}]}}