{
    "components": [
        {
            "alignment": "JSON",
            "page_url": 11377,
            "py/object": "parser_result.Component",
            "snippet": "Забытая <span class=\"searchmatch\">война</span>. Цикл документальных фильмов телеканала «Звезда» — 12 серий <span class=\"searchmatch\">Первая</span> <span class=\"searchmatch\">мировая</span> <span class=\"searchmatch\">война</span> в цвете: Кровь в воздухе <span class=\"searchmatch\">Первая</span> <span class=\"searchmatch\">мировая</span> <span class=\"searchmatch\">война</span>. Суицид старой",
            "title": "Первая мировая война",
            "type": "WIKI"
        },
        {
            "alignment": "JSON",
            "page_url": 391019,
            "py/object": "parser_result.Component",
            "snippet": "Зайончковский А. М. <span class=\"searchmatch\">Первая</span> <span class=\"searchmatch\">мировая</span> <span class=\"searchmatch\">война</span>. — СПб.: Полигон, 2000. — 878 с. — ISBN 5-89173-082-0. ↑ Вержховский Д. В. <span class=\"searchmatch\">Первая</span> <span class=\"searchmatch\">мировая</span> <span class=\"searchmatch\">война</span> 1914—1918. — М.:",
            "title": "Итальянский фронт Первой мировой войны",
            "type": "WIKI"
        },
        {
            "alignment": "JSON",
            "page_url": 603735,
            "py/object": "parser_result.Component",
            "snippet": "Наука, 2002.  Кн. 1: <span class=\"searchmatch\">Первая</span> <span class=\"searchmatch\">мировая</span> <span class=\"searchmatch\">война</span>: ист. очерк Кн. 2: <span class=\"searchmatch\">Первая</span> <span class=\"searchmatch\">мировая</span> <span class=\"searchmatch\">война</span>: док. и материалы  Уткин А. И. <span class=\"searchmatch\">Первая</span> <span class=\"searchmatch\">мировая</span> <span class=\"searchmatch\">война</span>. — М.: Алгоритм, 2001",
            "title": "Западный фронт Первой мировой войны",
            "type": "WIKI"
        },
        {
            "alignment": "JSON",
            "page_url": 255777,
            "py/object": "parser_result.Component",
            "snippet": "течение XX века (<span class=\"searchmatch\">Первая</span> <span class=\"searchmatch\">мировая</span> <span class=\"searchmatch\">война</span> 28 июля 1914 – 11 ноября 1918 и Вторая <span class=\"searchmatch\">мировая</span> <span class=\"searchmatch\">война</span> 1 сентября 1939 – 2 сентября 1945). Эти <span class=\"searchmatch\">войны</span> затронули большинство",
            "title": "Мировая война",
            "type": "WIKI"
        },
        {
            "alignment": "JSON",
            "page_url": 381717,
            "py/object": "parser_result.Component",
            "snippet": "«German Battlecruisers 1914-18» стр. 19 ↑ <span class=\"searchmatch\">Первая</span> <span class=\"searchmatch\">Мировая</span> <span class=\"searchmatch\">война</span> на Русском Севере ↑ В борьбе за вторые Дарданеллы. Североевропейский театр <span class=\"searchmatch\">мировой</span> <span class=\"searchmatch\">войны</span>",
            "title": "Первая мировая война на море",
            "type": "WIKI"
        },
        {
            "alignment": "JSON",
            "page_url": 1560051,
            "py/object": "parser_result.Component",
            "snippet": "<span class=\"searchmatch\">Первая</span> <span class=\"searchmatch\">мировая</span> <span class=\"searchmatch\">война</span> на Средиземном море — боевые действия военно-морских сил воющих государств на Средиземном море во время <span class=\"searchmatch\">Первой</span> <span class=\"searchmatch\">мировой</span> <span class=\"searchmatch\">войны</span> 1914—1918 годов",
            "title": "Первая мировая война на Средиземном море",
            "type": "WIKI"
        },
        {
            "alignment": "JSON",
            "page_url": 1071205,
            "py/object": "parser_result.Component",
            "snippet": "Russian soldiers.    <span class=\"searchmatch\">Мировая</span> <span class=\"searchmatch\">война</span> в цифрах. — М.: Военгиз, 1934. — 128 с. — 15 000 экз. Зайончковский А. М. <span class=\"searchmatch\">Первая</span> <span class=\"searchmatch\">мировая</span> <span class=\"searchmatch\">война</span>. — СПб.: Полигон, 2000",
            "title": "Кавказский фронт (Первая мировая война)",
            "type": "WIKI"
        },
        {
            "alignment": "JSON",
            "page_url": 3639526,
            "py/object": "parser_result.Component",
            "snippet": "Австралийской армии периода <span class=\"searchmatch\">Первой</span> <span class=\"searchmatch\">мировой</span> <span class=\"searchmatch\">войны</span>. Были созданы 15 августа 1914 года вслед за британским объявлением <span class=\"searchmatch\">войны</span> Германской империи. В состав",
            "title": "Австралийские имперские силы (Первая мировая война)",
            "type": "WIKI"
        },
        {
            "alignment": "JSON",
            "page_url": 389494,
            "py/object": "parser_result.Component",
            "snippet": "составляло 33 % её населения.         <span class=\"searchmatch\">Первая</span> <span class=\"searchmatch\">мировая</span> <span class=\"searchmatch\">война</span> началась 28 июля 1914, когда Австро-Венгрия объявила <span class=\"searchmatch\">войну</span> Сербии. В обеих странах началась массовая",
            "title": "Сербская кампания Первой мировой войны",
            "type": "WIKI"
        },
        {
            "alignment": "JSON",
            "page_url": 438859,
            "py/object": "parser_result.Component",
            "snippet": "Третья <span class=\"searchmatch\">мировая</span> <span class=\"searchmatch\">война</span> — гипотетический глобальный конфликт между политическими образованиями (государствами, политическими группировками и так далее) с",
            "title": "Третья мировая война",
            "type": "WIKI"
        }
    ],
    "py/object": "parser_result.ParserResult"
}