{
    "components": [
        {
            "alignment": "JSON",
            "page_url": 5248419,
            "py/object": "parser_result.Component",
            "snippet": "<span class=\"searchmatch\">Президе́нтские</span> <span class=\"searchmatch\">вы́боры</span> <span class=\"searchmatch\">в</span> <span class=\"searchmatch\">США</span> <span class=\"searchmatch\">2016</span> года прошли 8 ноября и стали 58-ми <span class=\"searchmatch\">выборами</span> президента <span class=\"searchmatch\">США</span> <span class=\"searchmatch\">в</span> рамках всеобщих <span class=\"searchmatch\">выборов</span>. Вторая статья Конституции <span class=\"searchmatch\">США</span>",
            "title": "Президентские выборы в США (2016)",
            "type": "WIKI"
        },
        {
            "alignment": "JSON",
            "page_url": 6681287,
            "py/object": "parser_result.Component",
            "snippet": "<span class=\"searchmatch\">Президентские</span> <span class=\"searchmatch\">выборы</span> — <span class=\"searchmatch\">в</span> <span class=\"searchmatch\">США</span> процедура номинации и <span class=\"searchmatch\">выборов</span> президента Соединённых Штатов Америки. <span class=\"searchmatch\">Выборы</span> проводятся раз <span class=\"searchmatch\">в</span> четыре года <span class=\"searchmatch\">в</span> первый вторник",
            "title": "Президентские выборы в США",
            "type": "WIKI"
        },
        {
            "alignment": "JSON",
            "page_url": 6648879,
            "py/object": "parser_result.Component",
            "snippet": "<span class=\"searchmatch\">Выборы</span> <span class=\"searchmatch\">в</span> <span class=\"searchmatch\">США</span> <span class=\"searchmatch\">2016</span> года состоялись (по большей части) во вторник, 8 ноября <span class=\"searchmatch\">2016</span>. Во время <span class=\"searchmatch\">президентских</span> <span class=\"searchmatch\">выборов</span> этого года избирались президент <span class=\"searchmatch\">США</span> и вице-президент",
            "title": "Всеобщие выборы в США 2016 года",
            "type": "WIKI"
        },
        {
            "alignment": "JSON",
            "page_url": 5742421,
            "py/object": "parser_result.Component",
            "snippet": "<span class=\"searchmatch\">в</span> Кирибати (2 тур). 16 января  Всеобщие <span class=\"searchmatch\">выборы</span> <span class=\"searchmatch\">в</span> Китайской Республике. 22 января  Парламентские <span class=\"searchmatch\">выборы</span> <span class=\"searchmatch\">в</span> Вануату. 24 января  <span class=\"searchmatch\">Президентские</span> <span class=\"searchmatch\">выборы</span> <span class=\"searchmatch\">в</span> Португалии",
            "title": "Календарь выборов 2016 года",
            "type": "WIKI"
        },
        {
            "alignment": "JSON",
            "page_url": 1137975,
            "py/object": "parser_result.Component",
            "snippet": "<span class=\"searchmatch\">Президентские</span> <span class=\"searchmatch\">выборы</span> <span class=\"searchmatch\">в</span> <span class=\"searchmatch\">США</span> 1876 года проходили 7 ноября и были одними из наиболее оспариваемых и горячих <span class=\"searchmatch\">выборов</span> <span class=\"searchmatch\">в</span> истории <span class=\"searchmatch\">США</span>. Демократ Сэмюэл Тилден",
            "title": "Президентские выборы в США (1876)",
            "type": "WIKI"
        },
        {
            "alignment": "JSON",
            "page_url": 237874,
            "py/object": "parser_result.Component",
            "snippet": "<span class=\"searchmatch\">Президентские</span> <span class=\"searchmatch\">выборы</span> 2000 года, на которых основная борьба происходила между республиканцем Джорджем Бушем-младшим и демократом Альбертом Гором. Победил",
            "title": "Президентские выборы в США (2000)",
            "type": "WIKI"
        },
        {
            "alignment": "JSON",
            "page_url": 5002886,
            "py/object": "parser_result.Component",
            "snippet": "<span class=\"searchmatch\">Президентские</span> <span class=\"searchmatch\">выборы</span> <span class=\"searchmatch\">в</span> Ливане: первый тур прошёл 23 апреля 2014 года, второй планировался на 30 апреля, но был перенесён на 7, 15 и 22 мая, 9 и 18 июня",
            "title": "Президентские выборы в Ливане (2014—2016)",
            "type": "WIKI"
        },
        {
            "alignment": "JSON",
            "page_url": 3182671,
            "py/object": "parser_result.Component",
            "snippet": "<span class=\"searchmatch\">Президентские</span> <span class=\"searchmatch\">выборы</span> <span class=\"searchmatch\">в</span> <span class=\"searchmatch\">США</span> 2012 года прошли 6 ноября и стали 57-ми <span class=\"searchmatch\">выборами</span> президента <span class=\"searchmatch\">США</span>. Победу на <span class=\"searchmatch\">выборах</span> одержал кандидат от Демократической партии",
            "title": "Президентские выборы в США (2012)",
            "type": "WIKI"
        },
        {
            "alignment": "JSON",
            "page_url": 1219873,
            "py/object": "parser_result.Component",
            "snippet": "<span class=\"searchmatch\">Президентские</span> <span class=\"searchmatch\">выборы</span> 1888 года проходили 6 ноября. На них президент Гровер Кливленд набрал большее голосов избирателей, чем его соперник от республиканцев",
            "title": "Президентские выборы в США (1888)",
            "type": "WIKI"
        },
        {
            "alignment": "JSON",
            "page_url": 121692,
            "py/object": "parser_result.Component",
            "snippet": "<span class=\"searchmatch\">Президентские</span> <span class=\"searchmatch\">выборы</span> <span class=\"searchmatch\">в</span> Белоруссии 2006 года — очередные <span class=\"searchmatch\">выборы</span> президента Белоруссии, согласно Постановлению Палаты представителей Национального собрания",
            "title": "Президентские выборы в Белоруссии (2006)",
            "type": "WIKI"
        }
    ],
    "py/object": "parser_result.ParserResult"
}