{"batchcomplete":"","continue":{"sroffset":10,"continue":"-||"},"query":{"searchinfo":{"totalhits":86},"search":[{"ns":0,"title":"Нагиев, Дмитрий Владимирович","pageid":652117,"size":49171,"wordcount":1627,"snippet":"<span class=\"searchmatch\">Дмитрий</span> <span class=\"searchmatch\">Владимирович</span> <span class=\"searchmatch\">Нагиев</span> (род. 4 апреля 1967, Ленинград) — советский и российский актёр, музыкант, певец, шоумен, теле- и радиоведущий, диджей.   Дедушка","timestamp":"2017-11-20T04:43:22Z"},{"ns":0,"title":"Нагиев","pageid":669292,"size":3177,"wordcount":195,"snippet":"шоумен и телеведущий, сын <span class=\"searchmatch\">Дмитрия</span> <span class=\"searchmatch\">Нагиева</span>. <span class=\"searchmatch\">Нагиев</span>, Мубариз Кудратович (род. 1970) — азербайджанский кинорежиссёр и сценарист. <span class=\"searchmatch\">Нагиев</span>, Муртуза Фатулла оглы","timestamp":"2017-04-20T22:18:06Z"},{"ns":0,"title":"Кухня. Последняя битва","pageid":6695914,"size":13144,"wordcount":537,"snippet":"чемпионата.  <span class=\"searchmatch\">Дмитрий</span> Назаров — Виктор Петрович Баринов, шеф-повар кулинарной сборной России <span class=\"searchmatch\">Дмитрий</span> <span class=\"searchmatch\">Нагиев</span> — <span class=\"searchmatch\">Дмитрий</span> <span class=\"searchmatch\">Владимирович</span> <span class=\"searchmatch\">Нагиев</span>, хозяин ресторана","timestamp":"2017-11-04T17:17:26Z"},{"ns":0,"title":"Кухня в Париже","pageid":5006797,"size":21100,"wordcount":851,"snippet":"президента России, дублировали профессиональные пародисты <span class=\"searchmatch\">Дмитрий</span> Грачёв и Олег Есенин. <span class=\"searchmatch\">Дмитрий</span> <span class=\"searchmatch\">Нагиев</span> использовал свист Челентано из фильма «Блеф». В 81 серии","timestamp":"2017-08-11T18:08:15Z"},{"ns":0,"title":"Кухня (сезон 3)","pageid":6017494,"size":30498,"wordcount":1492,"snippet":"Развелась в 92 серии. В 97 серии родила дочку. (c 1 сезона) <span class=\"searchmatch\">Дмитрий</span> <span class=\"searchmatch\">Нагиев</span> — <span class=\"searchmatch\">Дмитрий</span> <span class=\"searchmatch\">Владимирович</span> <span class=\"searchmatch\">Нагиев</span>, хозяин ресторана Claude Monet (до 20 серии, с 30 до","timestamp":"2017-11-15T14:44:19Z"},{"ns":0,"title":"Кухня (сезон 1)","pageid":6017481,"size":27295,"wordcount":1266,"snippet":"Развелась в 92 серии. В 97 серии родила дочку. (c 1 сезона) <span class=\"searchmatch\">Дмитрий</span> <span class=\"searchmatch\">Нагиев</span> — <span class=\"searchmatch\">Дмитрий</span> <span class=\"searchmatch\">Владимирович</span> <span class=\"searchmatch\">Нагиев</span>, хозяин ресторана Claude Monet (до 20 серии, с 30 до","timestamp":"2017-11-15T14:43:02Z"},{"ns":0,"title":"Кухня (сезон 2)","pageid":6017489,"size":25925,"wordcount":1159,"snippet":"Развелась в 92 серии. В 97 серии родила дочку. (c 1 сезона) <span class=\"searchmatch\">Дмитрий</span> <span class=\"searchmatch\">Нагиев</span> — <span class=\"searchmatch\">Дмитрий</span> <span class=\"searchmatch\">Владимирович</span> <span class=\"searchmatch\">Нагиев</span>, хозяин ресторана Claude Monet (до 20 серии, с 30 до","timestamp":"2017-11-15T14:43:58Z"},{"ns":0,"title":"Бельский, Дмитрий Фёдорович","pageid":1385603,"size":23881,"wordcount":1373,"snippet":"также Анны Васильевны). <span class=\"searchmatch\">Дмитрий</span> Фёдорович Бельский был троюродным братом царя и великого князя Ивана Васильевича Грозного.   <span class=\"searchmatch\">Дмитрий</span> Бельский вместе с младшими","timestamp":"2017-09-09T22:22:17Z"},{"ns":0,"title":"Кухня (сезон 4)","pageid":6017507,"size":29891,"wordcount":1512,"snippet":"Развелась в 92 серии. В 97 серии родила дочку. (c 1 сезона) <span class=\"searchmatch\">Дмитрий</span> <span class=\"searchmatch\">Нагиев</span> — <span class=\"searchmatch\">Дмитрий</span> <span class=\"searchmatch\">Владимирович</span> <span class=\"searchmatch\">Нагиев</span>, хозяин ресторана Claude Monet (до 20 серии, с 30 до","timestamp":"2017-11-15T14:44:36Z"},{"ns":0,"title":"Ростовский, Андрей Дмитриевич","pageid":2498348,"size":4785,"wordcount":312,"snippet":"свою долю в Ростовском княжестве Ивану III. Его отец <span class=\"searchmatch\">Дмитрий</span> <span class=\"searchmatch\">Владимирович</span>, дядя Александр <span class=\"searchmatch\">Владимирович</span> и брат Пётр Бессчастный также находились на службе","timestamp":"2017-11-02T07:25:44Z"}]}}