{"batchcomplete":"","continue":{"sroffset":10,"continue":"-||"},"query":{"searchinfo":{"totalhits":367},"search":[{"ns":0,"title":"Джоли, Анджелина","pageid":137662,"size":134639,"wordcount":7274,"snippet":"<span class=\"searchmatch\">Анджели́на</span> <span class=\"searchmatch\">Джоли́</span> Питт (англ. Angelina Jolie Pitt, при рождении Войт (англ. Voight); род. 4 июня 1975(19750604), Лос-Анджелес, Калифорния, США) — американская","timestamp":"2017-11-19T12:55:46Z"},{"ns":0,"title":"Джоли","pageid":415156,"size":1293,"wordcount":72,"snippet":"<span class=\"searchmatch\">Джоли</span> — фамилия и топоним.  <span class=\"searchmatch\">Джоли</span>, Аврора (род. 1988) — порноактриса. <span class=\"searchmatch\">Джоли</span>, <span class=\"searchmatch\">Анджелина</span> (род. 1975) — американская актриса, режиссёр и сценарист, фотомодель","timestamp":"2016-02-15T05:01:51Z"},{"ns":0,"title":"В краю крови и мёда","pageid":3810810,"size":16560,"wordcount":841,"snippet":"Blood and Honey) — художественный фильм <span class=\"searchmatch\">Анджелины</span> <span class=\"searchmatch\">Джоли</span> в жанре драма. Сценарий фильма написан самой <span class=\"searchmatch\">Анджелиной</span> <span class=\"searchmatch\">Джоли</span>. Фильм повествует об истории любви сербского","timestamp":"2017-10-27T22:08:14Z"},{"ns":0,"title":"Несломленный (фильм)","pageid":5108929,"size":39877,"wordcount":2340,"snippet":"После того, как была выбрана <span class=\"searchmatch\">Анджелина</span> <span class=\"searchmatch\">Джоли</span>, Джоэл и Итан Коэн переписали сценарий. Сам Луи Замперини одобрил фильм <span class=\"searchmatch\">Джоли</span>, сказав: «Я знаю, что она будет","timestamp":"2017-10-21T15:05:13Z"},{"ns":0,"title":"Джиа (фильм)","pageid":317303,"size":5456,"wordcount":226,"snippet":"помешало исполнительнице главной роли <span class=\"searchmatch\">Анджелине</span> <span class=\"searchmatch\">Джоли</span> претендовать на главную кинонаграду «Оскар». Тем не менее, <span class=\"searchmatch\">Джоли</span> и Фэй Данауэй получили за свою игру","timestamp":"2015-12-23T17:17:44Z"},{"ns":0,"title":"В поисках выхода","pageid":2334757,"size":3462,"wordcount":133,"snippet":"лифтёр Маршелин Бертран — девушка на джипе <span class=\"searchmatch\">Анджелина</span> <span class=\"searchmatch\">Джоли</span> — Тош  Этот фильм был дебютом <span class=\"searchmatch\">Анджелины</span> <span class=\"searchmatch\">Джоли</span>. Картина была снята ещё в 1980 году, но представлена","timestamp":"2017-04-23T21:00:04Z"},{"ns":0,"title":"Управляя полётами","pageid":2334385,"size":4533,"wordcount":214,"snippet":"Фалзонэ Билли Боб Торнтон — Рассел Белл Кейт Бланшетт — Конни Фалзонэ <span class=\"searchmatch\">Анджелина</span> <span class=\"searchmatch\">Джоли</span> — Мэри Бэлл Джейк Уэбер — Барри Плоткин Курт Фуллер — Эд Клабес Викки","timestamp":"2013-11-19T18:54:28Z"},{"ns":0,"title":"Лазурный берег (фильм, 2015)","pageid":6063368,"size":7494,"wordcount":345,"snippet":"переводе — «У моря») — американский фильм режиссёра <span class=\"searchmatch\">Анджелины</span> <span class=\"searchmatch\">Джоли</span> Питт. Главные роли исполняют <span class=\"searchmatch\">Джоли</span>, Брэд Питт, Мелани Лоран, Мельвиль Пупо и Нильс Ареструп","timestamp":"2017-10-19T16:23:42Z"},{"ns":0,"title":"Сначала они убили моего отца (фильм)","pageid":6923520,"size":8961,"wordcount":475,"snippet":"лагеря, где работа являлась пыткой для детей.   23 июля 2015 года <span class=\"searchmatch\">Анджелина</span> <span class=\"searchmatch\">Джоли</span> объявила о начале съемок нового фильма Снача́ла они́ уби́ли моего́","timestamp":"2017-10-28T12:06:34Z"},{"ns":0,"title":"Изображая бога","pageid":1940151,"size":4709,"wordcount":249,"snippet":"заинтересовывается ФБР.  Дэвид Духовны — Юджин Сэндс Тимоти Хаттон — Раймонд Блосом <span class=\"searchmatch\">Анджелина</span> <span class=\"searchmatch\">Джоли</span> — Клер Майкл Масси — Гейдж Петер Стормаре — Владимир Эндрю Тирнан —","timestamp":"2017-05-06T15:20:53Z"}]}}