{
    "components": [
        {
            "alignment": "JSON",
            "page_url": 137662,
            "py/object": "parser_result.Component",
            "snippet": "<span class=\"searchmatch\">Анджели́на</span> <span class=\"searchmatch\">Джоли́</span> Питт (англ. Angelina Jolie Pitt, при рождении Войт (англ. Voight); род. 4 июня 1975(19750604), Лос-Анджелес, Калифорния, США) — американская",
            "title": "Джоли, Анджелина",
            "type": "WIKI"
        },
        {
            "alignment": "JSON",
            "page_url": 415156,
            "py/object": "parser_result.Component",
            "snippet": "<span class=\"searchmatch\">Джоли</span> — фамилия и топоним.  <span class=\"searchmatch\">Джоли</span>, Аврора (род. 1988) — порноактриса. <span class=\"searchmatch\">Джоли</span>, <span class=\"searchmatch\">Анджелина</span> (род. 1975) — американская актриса, режиссёр и сценарист, фотомодель",
            "title": "Джоли",
            "type": "WIKI"
        },
        {
            "alignment": "JSON",
            "page_url": 3810810,
            "py/object": "parser_result.Component",
            "snippet": "Blood and Honey) — художественный фильм <span class=\"searchmatch\">Анджелины</span> <span class=\"searchmatch\">Джоли</span> в жанре драма. Сценарий фильма написан самой <span class=\"searchmatch\">Анджелиной</span> <span class=\"searchmatch\">Джоли</span>. Фильм повествует об истории любви сербского",
            "title": "В краю крови и мёда",
            "type": "WIKI"
        },
        {
            "alignment": "JSON",
            "page_url": 5108929,
            "py/object": "parser_result.Component",
            "snippet": "После того, как была выбрана <span class=\"searchmatch\">Анджелина</span> <span class=\"searchmatch\">Джоли</span>, Джоэл и Итан Коэн переписали сценарий. Сам Луи Замперини одобрил фильм <span class=\"searchmatch\">Джоли</span>, сказав: «Я знаю, что она будет",
            "title": "Несломленный (фильм)",
            "type": "WIKI"
        },
        {
            "alignment": "JSON",
            "page_url": 317303,
            "py/object": "parser_result.Component",
            "snippet": "помешало исполнительнице главной роли <span class=\"searchmatch\">Анджелине</span> <span class=\"searchmatch\">Джоли</span> претендовать на главную кинонаграду «Оскар». Тем не менее, <span class=\"searchmatch\">Джоли</span> и Фэй Данауэй получили за свою игру",
            "title": "Джиа (фильм)",
            "type": "WIKI"
        },
        {
            "alignment": "JSON",
            "page_url": 2334757,
            "py/object": "parser_result.Component",
            "snippet": "лифтёр Маршелин Бертран — девушка на джипе <span class=\"searchmatch\">Анджелина</span> <span class=\"searchmatch\">Джоли</span> — Тош  Этот фильм был дебютом <span class=\"searchmatch\">Анджелины</span> <span class=\"searchmatch\">Джоли</span>. Картина была снята ещё в 1980 году, но представлена",
            "title": "В поисках выхода",
            "type": "WIKI"
        },
        {
            "alignment": "JSON",
            "page_url": 2334385,
            "py/object": "parser_result.Component",
            "snippet": "Фалзонэ Билли Боб Торнтон — Рассел Белл Кейт Бланшетт — Конни Фалзонэ <span class=\"searchmatch\">Анджелина</span> <span class=\"searchmatch\">Джоли</span> — Мэри Бэлл Джейк Уэбер — Барри Плоткин Курт Фуллер — Эд Клабес Викки",
            "title": "Управляя полётами",
            "type": "WIKI"
        },
        {
            "alignment": "JSON",
            "page_url": 6063368,
            "py/object": "parser_result.Component",
            "snippet": "переводе — «У моря») — американский фильм режиссёра <span class=\"searchmatch\">Анджелины</span> <span class=\"searchmatch\">Джоли</span> Питт. Главные роли исполняют <span class=\"searchmatch\">Джоли</span>, Брэд Питт, Мелани Лоран, Мельвиль Пупо и Нильс Ареструп",
            "title": "Лазурный берег (фильм, 2015)",
            "type": "WIKI"
        },
        {
            "alignment": "JSON",
            "page_url": 6923520,
            "py/object": "parser_result.Component",
            "snippet": "лагеря, где работа являлась пыткой для детей.   23 июля 2015 года <span class=\"searchmatch\">Анджелина</span> <span class=\"searchmatch\">Джоли</span> объявила о начале съемок нового фильма Снача́ла они́ уби́ли моего́",
            "title": "Сначала они убили моего отца (фильм)",
            "type": "WIKI"
        },
        {
            "alignment": "JSON",
            "page_url": 1940151,
            "py/object": "parser_result.Component",
            "snippet": "заинтересовывается ФБР.  Дэвид Духовны — Юджин Сэндс Тимоти Хаттон — Раймонд Блосом <span class=\"searchmatch\">Анджелина</span> <span class=\"searchmatch\">Джоли</span> — Клер Майкл Масси — Гейдж Петер Стормаре — Владимир Эндрю Тирнан —",
            "title": "Изображая бога",
            "type": "WIKI"
        }
    ],
    "py/object": "parser_result.ParserResult"
}