{"batchcomplete":"","continue":{"sroffset":10,"continue":"-||"},"query":{"searchinfo":{"totalhits":2586},"search":[{"ns":0,"title":"Гитлер, Адольф","pageid":18935,"size":133783,"wordcount":8418,"snippet":"<span class=\"searchmatch\">Адо́льф</span> <span class=\"searchmatch\">Ги́тлер</span> (нем. Adolf Hitler [ˈaːdɔlf ˈhɪtlɐ]; 20 апреля 1889, деревня Рансхофен (ныне — часть города Браунау-ам-Инн), Австро-Венгрия — 30 апреля","timestamp":"2017-11-22T20:49:33Z"},{"ns":0,"title":"Гитлер, Алоис","pageid":2206102,"size":36137,"wordcount":2799,"snippet":"Алои́с <span class=\"searchmatch\">Ги́тлер</span> (нем. Alois Hitler; 7 июня 1837, деревня Штронес — 3 января 1903, Линц) — австрийский таможенный чиновник, отец <span class=\"searchmatch\">Адольфа</span> <span class=\"searchmatch\">Гитлера</span>.    Алоис","timestamp":"2017-10-02T08:49:14Z"},{"ns":0,"title":"1-я танковая дивизия СС «Лейбштандарт СС Адольф Гитлер»","pageid":272182,"size":260563,"wordcount":16153,"snippet":"также другие аудиостатьи   1-я танковая дивизия СС «Лейбштандарт СС <span class=\"searchmatch\">Адо́льф</span> <span class=\"searchmatch\">Ги́тлер</span>» (сокращённо LSSAH или LAH, нем. 1. SS-Panzer-Division Leibstandarte","timestamp":"2017-10-05T18:59:00Z"},{"ns":0,"title":"Гитлер, Клара","pageid":1064288,"size":9318,"wordcount":752,"snippet":"империя — 32 декабря 1907, Линц, Австро-Венгрия) — жена Алоиса <span class=\"searchmatch\">Гитлера</span>, мать <span class=\"searchmatch\">Адольфа</span> <span class=\"searchmatch\">Гитлера</span>.   Родилась в крестьянской семье. Отец — Иоганн Баптист Йовдий","timestamp":"2017-11-12T21:48:06Z"},{"ns":0,"title":"Гитлер: Восхождение дьявола","pageid":3814058,"size":34399,"wordcount":1689,"snippet":"мини-сериал из двух серий режиссёра Кристиана Дюгея, рассказывающий о жизни <span class=\"searchmatch\">Адольфа</span> <span class=\"searchmatch\">Гитлера</span>. Картина получила прайм-таймовую премию «Эмми» в номинациях «Лучшая","timestamp":"2017-10-21T14:21:01Z"},{"ns":0,"title":"Гитлер, Хайнц","pageid":4058318,"size":4983,"wordcount":247,"snippet":"Хайнц (Генрих) <span class=\"searchmatch\">Гитлер</span> (14 марта 1920 — 21 февраля 1942, Москва) — племянник <span class=\"searchmatch\">Адольфа</span> <span class=\"searchmatch\">Гитлера</span>, сын Алоиса <span class=\"searchmatch\">Гитлера</span> младшего.   Хайнц является сыном Алоиса","timestamp":"2017-10-12T23:54:17Z"},{"ns":0,"title":"Гитлер (значения)","pageid":1136130,"size":1997,"wordcount":126,"snippet":"<span class=\"searchmatch\">Гитлер</span>:  <span class=\"searchmatch\">Гитлер</span> (нем. Hitler) — фамилия: <span class=\"searchmatch\">Гитлер</span>, <span class=\"searchmatch\">Адольф</span> (1889—1945) — основоположник и центральная фигура нацизма, основатель тоталитарной диктатуры Третьего","timestamp":"2017-11-15T20:47:33Z"},{"ns":0,"title":"Сексуальная жизнь Гитлера","pageid":2074441,"size":45532,"wordcount":2597,"snippet":"Сексуальность <span class=\"searchmatch\">Адольфа</span> <span class=\"searchmatch\">Гитлера</span> была предметом многочисленных спекуляций и споров. Несмотря на официальную позицию нацистской партии в преследовании гомосексуалов","timestamp":"2017-11-04T19:52:04Z"},{"ns":0,"title":"Гитлер, Паула","pageid":2279844,"size":9912,"wordcount":659,"snippet":"Бавария) — младшая сестра <span class=\"searchmatch\">Адольфа</span> <span class=\"searchmatch\">Гитлера</span>, последний ребёнок Алоиса <span class=\"searchmatch\">Гитлера</span> и его третьей жены Клары <span class=\"searchmatch\">Гитлер</span>. Паула и <span class=\"searchmatch\">Адольф</span> были единственными родными","timestamp":"2017-10-12T23:50:03Z"},{"ns":0,"title":"Гитлер, Ангела","pageid":2978687,"size":10425,"wordcount":748,"snippet":"урождённая Ангела <span class=\"searchmatch\">Гитлер</span> (нем. Agela Hitler), по первому мужу — Раубаль (нем. Raubal) — старшая единородная сестра <span class=\"searchmatch\">Адольфа</span> <span class=\"searchmatch\">Гитлера</span>.   Ангела <span class=\"searchmatch\">Гитлер</span> родилась в","timestamp":"2017-06-08T14:56:43Z"}]}}