{
    "components": [
        {
            "alignment": "JSON",
            "page_url": 18935,
            "py/object": "parser_result.Component",
            "snippet": "<span class=\"searchmatch\">Адо́льф</span> <span class=\"searchmatch\">Ги́тлер</span> (нем. Adolf Hitler [ˈaːdɔlf ˈhɪtlɐ]; 20 апреля 1889, деревня Рансхофен (ныне — часть города Браунау-ам-Инн), Австро-Венгрия — 30 апреля",
            "title": "Гитлер, Адольф",
            "type": "WIKI"
        },
        {
            "alignment": "JSON",
            "page_url": 2206102,
            "py/object": "parser_result.Component",
            "snippet": "Алои́с <span class=\"searchmatch\">Ги́тлер</span> (нем. Alois Hitler; 7 июня 1837, деревня Штронес — 3 января 1903, Линц) — австрийский таможенный чиновник, отец <span class=\"searchmatch\">Адольфа</span> <span class=\"searchmatch\">Гитлера</span>.    Алоис",
            "title": "Гитлер, Алоис",
            "type": "WIKI"
        },
        {
            "alignment": "JSON",
            "page_url": 272182,
            "py/object": "parser_result.Component",
            "snippet": "также другие аудиостатьи   1-я танковая дивизия СС «Лейбштандарт СС <span class=\"searchmatch\">Адо́льф</span> <span class=\"searchmatch\">Ги́тлер</span>» (сокращённо LSSAH или LAH, нем. 1. SS-Panzer-Division Leibstandarte",
            "title": "1-я танковая дивизия СС «Лейбштандарт СС Адольф Гитлер»",
            "type": "WIKI"
        },
        {
            "alignment": "JSON",
            "page_url": 1064288,
            "py/object": "parser_result.Component",
            "snippet": "империя — 32 декабря 1907, Линц, Австро-Венгрия) — жена Алоиса <span class=\"searchmatch\">Гитлера</span>, мать <span class=\"searchmatch\">Адольфа</span> <span class=\"searchmatch\">Гитлера</span>.   Родилась в крестьянской семье. Отец — Иоганн Баптист Йовдий",
            "title": "Гитлер, Клара",
            "type": "WIKI"
        },
        {
            "alignment": "JSON",
            "page_url": 3814058,
            "py/object": "parser_result.Component",
            "snippet": "мини-сериал из двух серий режиссёра Кристиана Дюгея, рассказывающий о жизни <span class=\"searchmatch\">Адольфа</span> <span class=\"searchmatch\">Гитлера</span>. Картина получила прайм-таймовую премию «Эмми» в номинациях «Лучшая",
            "title": "Гитлер: Восхождение дьявола",
            "type": "WIKI"
        },
        {
            "alignment": "JSON",
            "page_url": 4058318,
            "py/object": "parser_result.Component",
            "snippet": "Хайнц (Генрих) <span class=\"searchmatch\">Гитлер</span> (14 марта 1920 — 21 февраля 1942, Москва) — племянник <span class=\"searchmatch\">Адольфа</span> <span class=\"searchmatch\">Гитлера</span>, сын Алоиса <span class=\"searchmatch\">Гитлера</span> младшего.   Хайнц является сыном Алоиса",
            "title": "Гитлер, Хайнц",
            "type": "WIKI"
        },
        {
            "alignment": "JSON",
            "page_url": 1136130,
            "py/object": "parser_result.Component",
            "snippet": "<span class=\"searchmatch\">Гитлер</span>:  <span class=\"searchmatch\">Гитлер</span> (нем. Hitler) — фамилия: <span class=\"searchmatch\">Гитлер</span>, <span class=\"searchmatch\">Адольф</span> (1889—1945) — основоположник и центральная фигура нацизма, основатель тоталитарной диктатуры Третьего",
            "title": "Гитлер (значения)",
            "type": "WIKI"
        },
        {
            "alignment": "JSON",
            "page_url": 2074441,
            "py/object": "parser_result.Component",
            "snippet": "Сексуальность <span class=\"searchmatch\">Адольфа</span> <span class=\"searchmatch\">Гитлера</span> была предметом многочисленных спекуляций и споров. Несмотря на официальную позицию нацистской партии в преследовании гомосексуалов",
            "title": "Сексуальная жизнь Гитлера",
            "type": "WIKI"
        },
        {
            "alignment": "JSON",
            "page_url": 2279844,
            "py/object": "parser_result.Component",
            "snippet": "Бавария) — младшая сестра <span class=\"searchmatch\">Адольфа</span> <span class=\"searchmatch\">Гитлера</span>, последний ребёнок Алоиса <span class=\"searchmatch\">Гитлера</span> и его третьей жены Клары <span class=\"searchmatch\">Гитлер</span>. Паула и <span class=\"searchmatch\">Адольф</span> были единственными родными",
            "title": "Гитлер, Паула",
            "type": "WIKI"
        },
        {
            "alignment": "JSON",
            "page_url": 2978687,
            "py/object": "parser_result.Component",
            "snippet": "урождённая Ангела <span class=\"searchmatch\">Гитлер</span> (нем. Agela Hitler), по первому мужу — Раубаль (нем. Raubal) — старшая единородная сестра <span class=\"searchmatch\">Адольфа</span> <span class=\"searchmatch\">Гитлера</span>.   Ангела <span class=\"searchmatch\">Гитлер</span> родилась в",
            "title": "Гитлер, Ангела",
            "type": "WIKI"
        }
    ],
    "py/object": "parser_result.ParserResult"
}