{"batchcomplete":"","continue":{"sroffset":10,"continue":"-||"},"query":{"searchinfo":{"totalhits":409},"search":[{"ns":0,"title":"Депп, Джонни","pageid":125776,"size":59023,"wordcount":2798,"snippet":"<span class=\"searchmatch\">Джон</span> Кри́стофер (<span class=\"searchmatch\">Джо́нни</span>) <span class=\"searchmatch\">Депп</span> II (англ. John Christopher «Johnny» Depp II; 9 июня 1963 года, Оуэнсборо (англ.)русск., Кентукки) — американский актёр,","timestamp":"2017-11-22T08:44:36Z"},{"ns":0,"title":"Депп","pageid":125779,"size":1375,"wordcount":97,"snippet":"<span class=\"searchmatch\">Депп</span>, <span class=\"searchmatch\">Джонни</span> (род. 1963) — американский актёр, режиссёр, музыкант, сценарист и продюсер. <span class=\"searchmatch\">Депп</span>, Лили-Роуз (род. 1999) — актриса и модель. Дочь <span class=\"searchmatch\">Джонни</span> Деппа","timestamp":"2016-12-14T08:02:50Z"},{"ns":0,"title":"Депп, Лили-Роуз","pageid":6168945,"size":10461,"wordcount":572,"snippet":"Мелоди́ <span class=\"searchmatch\">Депп</span> (англ. Lily-Rose Melody Depp; род. 27 мая 1999(19990527), Париж, Франция) — актриса и модель, дочь американского актёра <span class=\"searchmatch\">Джонни</span> <span class=\"searchmatch\">Деппа</span> и французской","timestamp":"2017-11-15T19:21:54Z"},{"ns":0,"title":"Йоганутые","pageid":5706655,"size":7045,"wordcount":339,"snippet":"девчонкам долгожданную вечеринку, Колин и Колин объединяются с Ги Лапуантом (<span class=\"searchmatch\">Джонни</span> <span class=\"searchmatch\">Депп</span>), легендарным охотником из Монреаля, и сражаются с древними демонами","timestamp":"2017-10-24T10:27:16Z"},{"ns":0,"title":"Джонни Д.","pageid":1301542,"size":10329,"wordcount":375,"snippet":"Джованни Рибизи, скончался 26 августа 1979 года. <span class=\"searchmatch\">Депп</span> играл Диллинджера в возрасте около 46 лет, реальный <span class=\"searchmatch\">Джон</span> Диллинджер погиб, когда ему был 31 год.   ↑","timestamp":"2017-09-29T18:36:05Z"},{"ns":0,"title":"Волшебная страна (фильм)","pageid":167258,"size":14382,"wordcount":834,"snippet":"роль (<span class=\"searchmatch\">Джонни</span> <span class=\"searchmatch\">Депп</span>), лучший молодой актёр или актриса (Фредди Хаймор) 2005 — 2 номинации на премию «Спутник»: лучшая мужская роль — драма (<span class=\"searchmatch\">Джонни</span> <span class=\"searchmatch\">Депп</span>), лучшая","timestamp":"2017-05-02T04:23:03Z"},{"ns":0,"title":"Храбрец (фильм)","pageid":2508236,"size":3411,"wordcount":153,"snippet":"снятый актёром <span class=\"searchmatch\">Джонни</span> <span class=\"searchmatch\">Деппом</span> по повести Грегори Макдональда The Brave (в русском переводе — «Отчаянный», «Смельчак»). Помимо режиссирования, <span class=\"searchmatch\">Депп</span> сыграл в фильме","timestamp":"2017-03-09T22:31:20Z"},{"ns":0,"title":"Джек Воробей","pageid":785556,"size":81087,"wordcount":5142,"snippet":"созданный сценаристами Тедом Эллиотом и Терри Россио. Роль исполняет <span class=\"searchmatch\">Джонни</span> <span class=\"searchmatch\">Депп</span>. Впервые он появляется в фильме «Пираты Карибского моря: Проклятие Чёрной","timestamp":"2017-11-10T13:31:51Z"},{"ns":0,"title":"Страх и ненависть в Лас-Вегасе","pageid":127640,"size":18165,"wordcount":1125,"snippet":"фильма происходит в 1971 году. Главные герои фильма, журналист Рауль Дюк (<span class=\"searchmatch\">Джонни</span> <span class=\"searchmatch\">Депп</span>) и его адвокат доктор Гонзо (Бенисио дель Торо), едут в Лас-Вегас через","timestamp":"2017-10-01T02:36:49Z"},{"ns":0,"title":"Чёрная месса (фильм)","pageid":5659982,"size":16715,"wordcount":976,"snippet":"Mass) — криминальная драма режиссёра Скотта Купера. Главные роли исполнили <span class=\"searchmatch\">Джонни</span> <span class=\"searchmatch\">Депп</span> и Джоэл Эдгертон. Фильм основан на реальных событиях, в центре сюжета","timestamp":"2017-08-03T07:27:53Z"}]}}