{
    "components": [
        {
            "alignment": "JSON",
            "page_url": 395047,
            "py/object": "parser_result.Component",
            "snippet": "распалась. Некоторые участники VIP77 перешли на лейбл <span class=\"searchmatch\">Тимати</span> Black Star.  Выходит дебютный сольный альбом <span class=\"searchmatch\">Тимати</span> Black Star. Организовывается продюсерский центр",
            "title": "Тимати",
            "type": "WIKI"
        },
        {
            "alignment": "JSON",
            "page_url": 4747598,
            "py/object": "parser_result.Component",
            "snippet": "обложку четвёртой пластинки <span class=\"searchmatch\">Тимати</span>. 21 октября 2013 года представлен треклист альбома и объявлена дата релиза. 14 февраля 2014 <span class=\"searchmatch\">Тимати</span> на своей странице в Instagram",
            "title": "13 (альбом Тимати)",
            "type": "WIKI"
        },
        {
            "alignment": "JSON",
            "page_url": 3029260,
            "py/object": "parser_result.Component",
            "snippet": "Муз-ТВ клип был признан лучшим в 2010 году.   ↑ <span class=\"searchmatch\">Тимати</span> ft. Busta Rhymes &amp; Mariya «Love You» ↑ <span class=\"searchmatch\">Тимати</span> получил господдержку ↑ TIMATI ft. BUSTA RHYMES &amp;",
            "title": "Love You (песня Тимати)",
            "type": "WIKI"
        },
        {
            "alignment": "JSON",
            "page_url": 1462099,
            "py/object": "parser_result.Component",
            "snippet": "indarnb.ru ↑ Интервью с <span class=\"searchmatch\">Тимати</span> накануне выхода его сольного альбома Black Star by Timati indarnb.ru ↑ Первый сольный альбом <span class=\"searchmatch\">Тимати</span> indarnb.ru   Булат Латыпов",
            "title": "Black Star (альбом Тимати)",
            "type": "WIKI"
        },
        {
            "alignment": "JSON",
            "page_url": 4226301,
            "py/object": "parser_result.Component",
            "snippet": "L'One feat. <span class=\"searchmatch\">Тимати</span> - Будущее где-то рядом ↑ Видеоклип: <span class=\"searchmatch\">Тимати</span> - Что видишь ты ↑ Видеоклип: Мот feat. <span class=\"searchmatch\">Тимати</span> - Молодая кровь ↑ Видеоклип: <span class=\"searchmatch\">Тимати</span> и Павел Мурашов",
            "title": "Дискография Тимати",
            "type": "WIKI"
        },
        {
            "alignment": "JSON",
            "page_url": 4218693,
            "py/object": "parser_result.Component",
            "snippet": "«Лондон» — сингл <span class=\"searchmatch\">Тимати</span> и Григория Лепса. Это второй совместный проект <span class=\"searchmatch\">Тимати</span> и Григория Лепса, первый — «Реквием по любви» — презентован 13 декабря 2011",
            "title": "Лондон (песня Тимати и Григория Лепса)",
            "type": "WIKI"
        },
        {
            "alignment": "JSON",
            "page_url": 4242164,
            "py/object": "parser_result.Component",
            "snippet": "не был снят.        ↑ <span class=\"searchmatch\">Тимати</span> снимает новый клип indarnb.ru ↑ Посмотри самое дорогое хип-хоп видео в России indarnb.ru ↑ <span class=\"searchmatch\">Тимати</span> и MC Walter «В Клубе (часть2)»",
            "title": "В клубе (песня Тимати)",
            "type": "WIKI"
        },
        {
            "alignment": "JSON",
            "page_url": 4294708,
            "py/object": "parser_result.Component",
            "snippet": "The Best — сборник лучших песен <span class=\"searchmatch\">Тимати</span>, выпущенный в 2009 году.  В The Best вошло 14 композиций: 9 треков из альбома Black Star by Timati, 2 трека из альбома",
            "title": "The Best (альбом Тимати)",
            "type": "WIKI"
        },
        {
            "alignment": "JSON",
            "page_url": 4610801,
            "py/object": "parser_result.Component",
            "snippet": "«Посмотри» — песня российского хип-хоп-исполнителя <span class=\"searchmatch\">Тимати</span>, выпущенная 2 июля 2013. Песня записана при участии артиста лейбла Black Star Inc. певицы Kristina",
            "title": "Посмотри (песня Тимати)",
            "type": "WIKI"
        },
        {
            "alignment": "JSON",
            "page_url": 4281770,
            "py/object": "parser_result.Component",
            "snippet": "спродюсировал саунд-продюсер <span class=\"searchmatch\">Тимати</span> — Garage Raver. Сингл записан на двух языках — русском и английском.   «Forever» — русскоязычный сингл <span class=\"searchmatch\">Тимати</span>, записанный совместно",
            "title": "Forever (песня Тимати)",
            "type": "WIKI"
        }
    ],
    "py/object": "parser_result.ParserResult"
}