{"batchcomplete":"","query":{"searchinfo":{"totalhits":2},"search":[{"ns":0,"title":"Прилучный, Павел Валерьевич","pageid":2388136,"size":22727,"wordcount":967,"snippet":"<span class=\"searchmatch\">Па́вел</span> <span class=\"searchmatch\">Вале́рьевич</span> <span class=\"searchmatch\">Прилу́чный</span> (5 ноября 1987 года, Чимкент, Казахская ССР, СССР) — российский актёр театра и кино, телеведущий.   <span class=\"searchmatch\">Павел</span> <span class=\"searchmatch\">Прилучный</span> родился","timestamp":"2017-11-22T13:21:41Z"},{"ns":0,"title":"Закрытая школа","pageid":3143075,"size":66303,"wordcount":4096,"snippet":" сотрудничала с Ingrid. Возлюбленная Виктора Полякова (4 сезон).  <span class=\"searchmatch\">Павел</span> <span class=\"searchmatch\">Прилучный</span> — Максим Петрович Морозов (настоящее ФИО — Вершинин, Максим Анатольевич)","timestamp":"2017-11-15T14:00:41Z"}]}}