{"batchcomplete":"","continue":{"sroffset":10,"continue":"-||"},"query":{"searchinfo":{"totalhits":111},"search":[{"ns":0,"title":"Единый реестр запрещённых сайтов","pageid":4193406,"size":51623,"wordcount":2894,"snippet":"<span class=\"searchmatch\">Единый</span> <span class=\"searchmatch\">реестр</span> доменных имён, указателей страниц <span class=\"searchmatch\">сайтов</span> в сети «Интернет» и сетевых адресов, позволяющих идентифицировать <span class=\"searchmatch\">сайты</span> в сети «Интернет», содержащие","timestamp":"2017-11-09T08:44:40Z"},{"ns":0,"title":"Блокирование LinkedIn в России","pageid":6663265,"size":5215,"wordcount":300,"snippet":"произошедшее в ноябре 2016 года: Роскомнадзор внёс LinkedIn в <span class=\"searchmatch\">Единый</span> <span class=\"searchmatch\">реестр</span> <span class=\"searchmatch\">запрещённых</span> <span class=\"searchmatch\">сайтов</span> и начал блокировку проекта на территории России.  4 августа","timestamp":"2017-10-02T13:52:33Z"},{"ns":0,"title":"Блокирование Википедии в России","pageid":5957361,"size":20666,"wordcount":1068,"snippet":"года: Роскомнадзор внёс статью русской Википедии «Чарас» в <span class=\"searchmatch\">Единый</span> <span class=\"searchmatch\">реестр</span> <span class=\"searchmatch\">запрещённых</span> <span class=\"searchmatch\">сайтов</span> и временно заблокировал проект на территории России, однако","timestamp":"2017-10-24T02:57:15Z"},{"ns":0,"title":"Чистый Интернет","pageid":5994939,"size":21654,"wordcount":1121,"snippet":"ведёт <span class=\"searchmatch\">Единый</span> <span class=\"searchmatch\">реестр</span> <span class=\"searchmatch\">запрещённых</span> <span class=\"searchmatch\">сайтов</span>, возникают конфликты интересов на отраслевом рынке. Часть экспертов отмечает, что госструктура ведёт этот <span class=\"searchmatch\">Реестр</span> неэффективно","timestamp":"2017-08-10T10:13:22Z"},{"ns":0,"title":"Лига безопасного интернета","pageid":4212914,"size":38024,"wordcount":2062,"snippet":"закон № 139-ФЗ от 28 июля 2012 года. Этим законом был создан <span class=\"searchmatch\">Единый</span> <span class=\"searchmatch\">реестр</span> <span class=\"searchmatch\">запрещённых</span> <span class=\"searchmatch\">сайтов</span>.   Учредитель партнёрства — &quot;Фонд Святителя Василия Великого","timestamp":"2017-10-27T00:27:12Z"},{"ns":0,"title":"Интернет-цензура в России","pageid":4947465,"size":24088,"wordcount":1421,"snippet":"2014 года Роскомнадзор включил в <span class=\"searchmatch\">реестр</span> <span class=\"searchmatch\">запрещённых</span> <span class=\"searchmatch\">сайтов</span> («<span class=\"searchmatch\">Единый</span> <span class=\"searchmatch\">реестр</span> доменных имен, указателей страниц <span class=\"searchmatch\">сайтов</span> в сети „Интернет“ и сетевых адресов","timestamp":"2017-11-01T00:51:28Z"},{"ns":0,"title":"Роскомнадзор","pageid":1019283,"size":40942,"wordcount":2233,"snippet":"включались в <span class=\"searchmatch\">Единый</span> <span class=\"searchmatch\">реестр</span> <span class=\"searchmatch\">запрещённых</span> <span class=\"searchmatch\">сайтов</span>, большая часть этих статей позже удалялась из <span class=\"searchmatch\">реестра</span>. По состоянию на август 2015 года в <span class=\"searchmatch\">реестре</span> находилось","timestamp":"2017-11-10T10:45:03Z"},{"ns":0,"title":"Pornhub","pageid":5638137,"size":6518,"wordcount":321,"snippet":"года один из множества языковых поддоменов <span class=\"searchmatch\">сайта</span> (русскоязычный) попал в <span class=\"searchmatch\">Единый</span> <span class=\"searchmatch\">реестр</span> <span class=\"searchmatch\">запрещенных</span> <span class=\"searchmatch\">сайтов</span> России из-за видео, актриса в котором выглядела","timestamp":"2017-11-18T07:23:44Z"},{"ns":0,"title":"Федеральный закон № 139-ФЗ от 28 июля 2012 года","pageid":4000426,"size":38644,"wordcount":2068,"snippet":"касающиеся <span class=\"searchmatch\">единого</span> <span class=\"searchmatch\">реестра</span> доменных имен и URL-адресов, содержащих <span class=\"searchmatch\">запрещённую</span> к распространению информацию. Был создан <span class=\"searchmatch\">Единый</span> <span class=\"searchmatch\">реестр</span> <span class=\"searchmatch\">запрещённых</span> <span class=\"searchmatch\">сайтов</span>.   Поправки","timestamp":"2017-10-24T16:19:39Z"},{"ns":0,"title":"Растаманские народные сказки","pageid":391730,"size":11766,"wordcount":486,"snippet":"литературных проектов в Рунете. 19 декабря 2012 года <span class=\"searchmatch\">сайт</span> был внесён в <span class=\"searchmatch\">единый</span> <span class=\"searchmatch\">реестр</span> <span class=\"searchmatch\">запрещённых</span> <span class=\"searchmatch\">сайтов</span> Федеральной службой по контролю за оборотом наркотиков","timestamp":"2016-10-27T17:46:18Z"}]}}