{"batchcomplete":"","continue":{"sroffset":10,"continue":"-||"},"query":{"searchinfo":{"totalhits":1556},"search":[{"ns":0,"title":"Сулейман I","pageid":214847,"size":47773,"wordcount":3075,"snippet":"<span class=\"searchmatch\">Сулейма́н</span> <span class=\"searchmatch\">I</span> Великоле́пный (Кануни́; осм. سليمان اول‎ — Süleymân-ı evvel, тур. Birinci Süleyman, Kanuni Sultan Süleyman; 6 ноября 1494 — 5/6 сентября 1566) —","timestamp":"2017-11-10T12:16:16Z"},{"ns":0,"title":"Хадым Сулейман-паша","pageid":4790154,"size":8715,"wordcount":467,"snippet":"снятия с поста Лютфи-паши, Султан <span class=\"searchmatch\">Сулейман</span> назначает <span class=\"searchmatch\">Сулеймана</span>-пашу великим визирем. В 1544 году между <span class=\"searchmatch\">Сулейманом</span>-пашой и Хюсревом-пашой состоялась перепалка","timestamp":"2017-10-04T19:29:00Z"},{"ns":0,"title":"Кылыч-Арслан I","pageid":92945,"size":5950,"wordcount":317,"snippet":"к султану <span class=\"searchmatch\">Сулейману</span> II (Кылыч-Арслану <span class=\"searchmatch\">I</span>), который в это время был занят войной с Данишмендами в Каппадокии за обладание Мелитеной. <span class=\"searchmatch\">Сулейман</span> не успел перебросить","timestamp":"2017-10-28T08:37:09Z"},{"ns":0,"title":"Шехзаде Мустафа","pageid":4170098,"size":16974,"wordcount":1022,"snippet":"другой фаворитки султана <span class=\"searchmatch\">Сулеймана</span>, Хюррем-султан, родился сын шехзаде Мехмед, которого, как полагали некоторые историки, <span class=\"searchmatch\">Сулейман</span> видел своим преемником","timestamp":"2017-09-19T14:26:27Z"},{"ns":0,"title":"Керимов, Сулейман Абусаидович","pageid":370813,"size":48135,"wordcount":2566,"snippet":"<span class=\"searchmatch\">Сулейма́н</span> Абусаи́дович Кери́мов (лезг. Керимрин Абусаидан хва <span class=\"searchmatch\">Сулейман</span>; род. 12 марта 1966, Дербент, Дагестанская АССР, СССР) — российский предприниматель","timestamp":"2017-11-23T21:31:52Z"},{"ns":0,"title":"Сулейман (значения)","pageid":3134873,"size":1543,"wordcount":89,"snippet":"<span class=\"searchmatch\">Сулейман</span>:   <span class=\"searchmatch\">Сулейман</span> — исламский пророк, сын пророка Давуда, имя царя Соломона в исламской традиции.. <span class=\"searchmatch\">Сулейман</span> <span class=\"searchmatch\">I</span> — десятый султан Османской империи. Сулейман","timestamp":"2015-01-12T10:25:04Z"},{"ns":0,"title":"Сулейман","pageid":19528,"size":8488,"wordcount":537,"snippet":"Известны контакты <span class=\"searchmatch\">Сулеймана</span> с Билкис (царицей Савской). Билкис была мудрой правительницей, но её народ поклонялся солнцу и луне. <span class=\"searchmatch\">Сулейман</span> пытался прекратить","timestamp":"2017-10-20T19:15:07Z"},{"ns":0,"title":"Сулейман (имя)","pageid":6630462,"size":2940,"wordcount":110,"snippet":"имю сын Давида пророка <span class=\"searchmatch\">Сулейман</span>.   <span class=\"searchmatch\">Сулейман</span> — исламский пророк сын Давида. <span class=\"searchmatch\">Сулейман</span> <span class=\"searchmatch\">I</span> — десятый султан Османской империи. <span class=\"searchmatch\">Сулейман</span> Стальский — лезгинский","timestamp":"2016-11-06T20:01:57Z"},{"ns":0,"title":"Сулейман ибн Кутулмыш","pageid":3684362,"size":11246,"wordcount":675,"snippet":"<span class=\"searchmatch\">Сулейман</span> ибн Кутулмыш, также известный как <span class=\"searchmatch\">Сулейман</span> <span class=\"searchmatch\">I</span> (тур. Kutalmışoğlu Süleyman Şah) — основатель султаната Рума, правивший им с 1077 по 1086 годы со","timestamp":"2017-10-18T20:26:20Z"},{"ns":0,"title":"Демирель, Сулейман","pageid":634379,"size":12356,"wordcount":440,"snippet":"Азербайджана.  <span class=\"searchmatch\">Сулейман</span> Демирель Кто есть кто в мировой политике / Отв. ред. Л. П. Кравченко. — М.: Политиздат, 1990. — С. 24.   ↑ <span class=\"searchmatch\">Сулейман</span> Демирель ↑ Бывший","timestamp":"2017-10-29T19:05:56Z"}]}}