{
    "components": [
        {
            "alignment": "JSON",
            "page_url": 2138952,
            "py/object": "parser_result.Component",
            "snippet": "<span class=\"searchmatch\">Чемпионат</span> <span class=\"searchmatch\">Европы</span> <span class=\"searchmatch\">по</span> <span class=\"searchmatch\">футболу</span> <span class=\"searchmatch\">2016</span> (сокращённо Евро-<span class=\"searchmatch\">2016</span>) — 15-й футбольный турнир для сборных европейских стран, проводящийся под эгидой УЕФА. Проходил",
            "title": "Чемпионат Европы по футболу 2016",
            "type": "WIKI"
        },
        {
            "alignment": "JSON",
            "page_url": 5922551,
            "py/object": "parser_result.Component",
            "snippet": "<span class=\"searchmatch\">Чемпионат</span> <span class=\"searchmatch\">Европы</span> <span class=\"searchmatch\">по</span> <span class=\"searchmatch\">футболу</span> <span class=\"searchmatch\">2016</span> среди юношей до 19 лет стал 15-м розыгрышем <span class=\"searchmatch\">чемпионата</span> <span class=\"searchmatch\">Европы</span> <span class=\"searchmatch\">по</span> <span class=\"searchmatch\">футболу</span> среди юношей и 65-м, если учитывать все юношеские",
            "title": "Чемпионат Европы по футболу 2016 (юноши до 19 лет)",
            "type": "WIKI"
        },
        {
            "alignment": "JSON",
            "page_url": 4651755,
            "py/object": "parser_result.Component",
            "snippet": "<span class=\"searchmatch\">Чемпионат</span> <span class=\"searchmatch\">Европы</span> <span class=\"searchmatch\">по</span> <span class=\"searchmatch\">футболу</span> <span class=\"searchmatch\">2016</span> среди юношей до 17 лет — 15-й розыгрыш <span class=\"searchmatch\">чемпионата</span> <span class=\"searchmatch\">Европы</span> <span class=\"searchmatch\">по</span> <span class=\"searchmatch\">футболу</span> среди юношей до 17 лет проходил в Азербайджане с 5",
            "title": "Чемпионат Европы по футболу 2016 (юноши до 17 лет)",
            "type": "WIKI"
        },
        {
            "alignment": "JSON",
            "page_url": 72007,
            "py/object": "parser_result.Component",
            "snippet": "<span class=\"searchmatch\">Чемпиона́т</span> <span class=\"searchmatch\">Евро́пы</span> <span class=\"searchmatch\">по</span> <span class=\"searchmatch\">футбо́лу</span> (англ. UEFA European Championship) — главное соревнование национальных сборных, проводимое под руководством УЕФА. Соревнование",
            "title": "Чемпионат Европы по футболу",
            "type": "WIKI"
        },
        {
            "alignment": "JSON",
            "page_url": 6132226,
            "py/object": "parser_result.Component",
            "snippet": "Группа B на <span class=\"searchmatch\">чемпионате</span> <span class=\"searchmatch\">Европы</span> <span class=\"searchmatch\">по</span> <span class=\"searchmatch\">футболу</span> <span class=\"searchmatch\">2016</span> — одна из шести групп группового этапа финальной части <span class=\"searchmatch\">Чемпионата</span> <span class=\"searchmatch\">Европы</span>. В группу В попали сборные Англии",
            "title": "Чемпионат Европы по футболу 2016. Группа B",
            "type": "WIKI"
        },
        {
            "alignment": "JSON",
            "page_url": 6218524,
            "py/object": "parser_result.Component",
            "snippet": "<span class=\"searchmatch\">Чемпионат</span> <span class=\"searchmatch\">Европы</span> <span class=\"searchmatch\">по</span> мини-<span class=\"searchmatch\">футболу</span> <span class=\"searchmatch\">2016</span> — десятый УЕФА <span class=\"searchmatch\">чемпионат</span> <span class=\"searchmatch\">Европы</span> для мужских национальных сборных <span class=\"searchmatch\">по</span> футзалу. Финальный раунд турнира прошёл в Сербии",
            "title": "Чемпионат Европы по мини-футболу 2016",
            "type": "WIKI"
        },
        {
            "alignment": "JSON",
            "page_url": 4787109,
            "py/object": "parser_result.Component",
            "snippet": "Отборочный турнир Евро-<span class=\"searchmatch\">2016</span> проходил с сентября 2014 <span class=\"searchmatch\">по</span> ноябрь 2015 года и определил участников <span class=\"searchmatch\">Чемпионата</span> <span class=\"searchmatch\">Европы</span> <span class=\"searchmatch\">по</span> <span class=\"searchmatch\">футболу</span> <span class=\"searchmatch\">2016</span>, проводимом во Франции",
            "title": "Чемпионат Европы по футболу 2016 (отборочный турнир)",
            "type": "WIKI"
        },
        {
            "alignment": "JSON",
            "page_url": 6134671,
            "py/object": "parser_result.Component",
            "snippet": "Группа F на <span class=\"searchmatch\">чемпионате</span> <span class=\"searchmatch\">Европы</span> <span class=\"searchmatch\">по</span> <span class=\"searchmatch\">футболу</span> <span class=\"searchmatch\">2016</span> — одна из шести групп группового этапа финальной части <span class=\"searchmatch\">Чемпионата</span> <span class=\"searchmatch\">Европы</span>. В группу F попали сборные Португалии",
            "title": "Чемпионат Европы по футболу 2016. Группа F",
            "type": "WIKI"
        },
        {
            "alignment": "JSON",
            "page_url": 6556410,
            "py/object": "parser_result.Component",
            "snippet": "Сборная России <span class=\"searchmatch\">по</span> <span class=\"searchmatch\">футболу</span> в пятый раз в своей истории принимала участие в <span class=\"searchmatch\">чемпионате</span> <span class=\"searchmatch\">Европы</span> <span class=\"searchmatch\">по</span> <span class=\"searchmatch\">футболу</span> в <span class=\"searchmatch\">2016</span> году. Команда успешно квалифицировалась в",
            "title": "Сборная России по футболу на чемпионате Европы 2016 года",
            "type": "WIKI"
        },
        {
            "alignment": "JSON",
            "page_url": 6132317,
            "py/object": "parser_result.Component",
            "snippet": "Группа C на <span class=\"searchmatch\">чемпионате</span> <span class=\"searchmatch\">Европы</span> <span class=\"searchmatch\">по</span> <span class=\"searchmatch\">футболу</span> <span class=\"searchmatch\">2016</span> — одна из шести групп группового этапа финальной части <span class=\"searchmatch\">Чемпионата</span> <span class=\"searchmatch\">Европы</span>. В группу C попали сборные Германии",
            "title": "Чемпионат Европы по футболу 2016. Группа C",
            "type": "WIKI"
        }
    ],
    "py/object": "parser_result.ParserResult"
}