{"batchcomplete":"","continue":{"sroffset":10,"continue":"-||"},"query":{"searchinfo":{"totalhits":3490},"search":[{"ns":0,"title":"ВКонтакте","pageid":639373,"size":132821,"wordcount":7700,"snippet":"на сайт «<span class=\"searchmatch\">ВКонтакте</span>» зашло 13,09 миллионов уникальных российских пользователей, больше, чем на «Одноклассники». В апреле на сайт «<span class=\"searchmatch\">ВКонтакте</span>» зашло 14","timestamp":"2017-11-02T17:31:41Z"},{"ns":0,"title":"Список служб и инструментов «ВКонтакте»","pageid":4460343,"size":30276,"wordcount":356,"snippet":"Пользователи «<span class=\"searchmatch\">ВКонтакте</span>» выступили против микроблогов ↑ Микроблог <span class=\"searchmatch\">Вконтакте</span> — выгодное нововведение ↑ Сообщения в контакте ↑ Число сообщений «<span class=\"searchmatch\">ВКонтакте</span>» превысило","timestamp":"2017-07-21T11:59:31Z"},{"ns":0,"title":"Рекламная сеть «ВКонтакте»","pageid":4681246,"size":4247,"wordcount":168,"snippet":"совместное предприятие <span class=\"searchmatch\">ВКонтакте</span> и сервиса Creara Media. Информация о пользователях для таргетинга берётся в основном из профиля <span class=\"searchmatch\">ВКонтакте</span>, но также учитываются","timestamp":"2017-07-03T06:59:07Z"},{"ns":0,"title":"Звезда «ВКонтакте»","pageid":4445254,"size":4163,"wordcount":220,"snippet":"Звезда «<span class=\"searchmatch\">ВКонтакте</span>» — музыкальный конкурс, проводившийся петербургским «Пятым каналом». О наборе поэтов и музыкантов для конкурса было объявлено в феврале","timestamp":"2017-08-18T20:05:35Z"},{"ns":0,"title":"Биржа рекламы «ВКонтакте»","pageid":4860923,"size":2804,"wordcount":142,"snippet":"Группы «<span class=\"searchmatch\">ВКонтакте</span>» готовы делить с соцсетью доходы, но по-разному ↑ Во «<span class=\"searchmatch\">ВКонтакте</span>» началось закрытое тестирование рекламной биржи  «<span class=\"searchmatch\">ВКонтакте</span>» открывает","timestamp":"2017-07-03T06:59:51Z"},{"ns":0,"title":"MDK (сообщество)","pageid":4682958,"size":33075,"wordcount":1980,"snippet":"адресу — соцсеть «<span class=\"searchmatch\">ВКонтакте</span>» перенесла 7,5 млн подписчиков в новый паблик.  К маю 2016 года сеть развлекательных пабликов внутри «<span class=\"searchmatch\">ВКонтакте</span>», входящих в MDK","timestamp":"2017-10-27T12:54:50Z"},{"ns":0,"title":"Дуров, Павел Валерьевич","pageid":1297302,"size":67657,"wordcount":4176,"snippet":"социальной сети «<span class=\"searchmatch\">ВКонтакте</span>» и одноимённой компании; создатель кроссплатформенного мессенджера «Telegram». Бывший генеральный директор <span class=\"searchmatch\">ВКонтакте</span> (2006—2014)","timestamp":"2017-11-14T19:40:56Z"},{"ns":0,"title":"Код Дурова","pageid":4354284,"size":12010,"wordcount":620,"snippet":"Реальная история „<span class=\"searchmatch\">ВКонтакте</span>“ и её создателя» — роман Николая Кононова о создателях крупнейшей в Европе социальной сети «<span class=\"searchmatch\">ВКонтакте</span>».   Автор книги — главный","timestamp":"2017-11-14T19:36:18Z"},{"ns":0,"title":"Добродеев, Борис Олегович","pageid":5222798,"size":9877,"wordcount":552,"snippet":"был один из акционеров «<span class=\"searchmatch\">ВКонтакте</span>», фонд United Capital Partners. 18 сентября 2014 года назначен генеральным директором «<span class=\"searchmatch\">ВКонтакте</span>», спустя два дня после","timestamp":"2017-10-02T07:26:03Z"},{"ns":0,"title":"Левиев, Лев Бинзумович","pageid":5603972,"size":21572,"wordcount":1211,"snippet":"интернет-предприниматель и инвестор, сооснователь крупнейшей российской социальной сети «<span class=\"searchmatch\">ВКонтакте</span>», инвестиционного фонда Vaizra Capital и сети дата-центров Selectel. ","timestamp":"2017-09-29T05:16:00Z"}]}}