{
    "components": [
        {
            "alignment": "LEFT",
            "page_url": "/url?q=http://androidmarkets.ru/vidzhet-yandeks-probki-skachat-dlya-android.html&sa=U&ved=0ahUKEwjNi6HEqbDXAhVpEpoKHfYEAcsQwW4IFjAA&usg=AOvVaw24WGIPpW6n9EgyQhxQMEd1",
            "py/object": "parser_result.Component",
            "title": "androidmarkets.ruВиджет Яндекс.Пробки скачать для Андроид телефон или планшета600 Х 400; 157 КБ - jpg",
            "type": "IMAGE",
            "view_url": "androidmarkets.ru"
        },
        {
            "alignment": "LEFT",
            "page_url": "/url?q=https://habrahabr.ru/company/dsec/blog/142166/&sa=U&ved=0ahUKEwjNi6HEqbDXAhVpEpoKHfYEAcsQwW4IGDAB&usg=AOvVaw2ZjuNFHlb7QLo-cd7FhJUl",
            "py/object": "parser_result.Component",
            "title": "habrahabr.ruЯндекс.Пробки. А туда ли вы едете? / Блог компании Digital ...422 Х 258; 295 КБ - png",
            "type": "IMAGE",
            "view_url": "habrahabr.ru"
        },
        {
            "alignment": "LEFT",
            "page_url": "/url?q=http://ren.tv/novosti/2017-05-18/v-socsetyah-otreagirovali-na-ispug-kieva-naschet-togo-chto-yandeksprobki&sa=U&ved=0ahUKEwjNi6HEqbDXAhVpEpoKHfYEAcsQwW4IGjAC&usg=AOvVaw3Pgc6vQAme7GLAnMMXJm2w",
            "py/object": "parser_result.Component",
            "title": "ren.tvВ соцсетях отреагировали на испуг Киева по поводу того, что ...683 Х 516; 388 КБ - jpg",
            "type": "IMAGE",
            "view_url": "ren.tv"
        },
        {
            "alignment": "LEFT",
            "page_url": "/url?q=https://www.spbdnevnik.ru/news/2013-03-07/muzhchiny-speshat-za-podarkami-yandeksprobki-pokazyvaeyt-8-ballov/&sa=U&ved=0ahUKEwjNi6HEqbDXAhVpEpoKHfYEAcsQwW4IHDAD&usg=AOvVaw1eQFFdKFEZuz0KqCZ7pNfW",
            "py/object": "parser_result.Component",
            "title": "spbdnevnik.ruМужчины спешат за подарками, Яндекс.Пробки показывает 8 баллов600 Х 400; 484 КБ - png",
            "type": "IMAGE",
            "view_url": "spbdnevnik.ru"
        },
        {
            "alignment": "LEFT",
            "page_url": "/url?q=https://eugenyshultz.livejournal.com/485498.html&sa=U&ved=0ahUKEwjNi6HEqbDXAhVpEpoKHfYEAcsQwW4IHjAE&usg=AOvVaw3cQksNMvgkP3B_KKsnmokA",
            "py/object": "parser_result.Component",
            "title": "eugenyshultz.livejourn...ШУЛЬЦ vs ЯНДЕКС. Врут ли Я.Пробки? Встреча на т/к Дождь - Евгений ...705 Х 550; 465 КБ - png",
            "type": "IMAGE",
            "view_url": "eugenyshultz.livejournal.com"
        },
        {
            "alignment": "LEFT",
            "page_url": "/url?q=https://www.kommersant.ru/doc/2088705&sa=U&ved=0ahUKEwjNi6HEqbDXAhVpEpoKHfYEAcsQwW4IIDAF&usg=AOvVaw37SWLnYtKyNsZWxHi-t9m0",
            "py/object": "parser_result.Component",
            "title": "kommersant.ruЦентр Москвы встал в пробке – Страна – Коммерсантъ1536 Х 2002; 5745 КБ - png",
            "type": "IMAGE",
            "view_url": "kommersant.ru"
        },
        {
            "alignment": "LEFT",
            "page_url": "/url?q=https://www.searchengines.ru/yandeks_probki_kiev.html&sa=U&ved=0ahUKEwjNi6HEqbDXAhVpEpoKHfYEAcsQwW4IIjAG&usg=AOvVaw0AoM9wzdj3DlUS6eOZNFou",
            "py/object": "parser_result.Component",
            "title": "searchengines.ruЯндекс.Пробки: 1000 километров пробок в Киеве - Searchengines.ru536 Х 400; 77 КБ - jpg",
            "type": "IMAGE",
            "view_url": "searchengines.ru"
        },
        {
            "alignment": "LEFT",
            "page_url": "/url?q=http://www.cyberstyle.ru/newsline/9388-russia-moscow-yandex-rossiy-moskva-yndeks.probki.html&sa=U&ved=0ahUKEwjNi6HEqbDXAhVpEpoKHfYEAcsQwW4IJDAH&usg=AOvVaw3lb0kS1quIPzmSSNAJL6Fo",
            "py/object": "parser_result.Component",
            "title": "cyberstyle.ruВ «Яндексе» назвали главные московские пробки | CyberStyle.ru301 Х 370; 53 КБ - gif",
            "type": "IMAGE",
            "view_url": "cyberstyle.ru"
        },
        {
            "alignment": "LEFT",
            "page_url": "/url?q=https://habrahabr.ru/company/yandex/blog/106528/&sa=U&ved=0ahUKEwjNi6HEqbDXAhVpEpoKHfYEAcsQwW4IJjAI&usg=AOvVaw283kcxm9BSse9gi7JpoqkF",
            "py/object": "parser_result.Component",
            "title": "habrahabr.ruСтатистика пробок / Блог компании Яндекс / Хабрахабр469 Х 417; 270 КБ - png",
            "type": "IMAGE",
            "view_url": "habrahabr.ru"
        },
        {
            "alignment": "LEFT",
            "page_url": "/url?q=http://anna-news.info/ukraina-rossiya-vospolzuetsya-yandeks-probki-dlya-voennogo-nastupleniya/&sa=U&ved=0ahUKEwjNi6HEqbDXAhVpEpoKHfYEAcsQwW4IKDAJ&usg=AOvVaw3coLz_-0TFhOoHFJ-94vA5",
            "py/object": "parser_result.Component",
            "title": "anna-news.infoУкраина: Россия воспользуется «Яндекс.Пробки» для военного ...1024 Х 683; 321 КБ - jpg",
            "type": "IMAGE",
            "view_url": "anna-news.info"
        },
        {
            "alignment": "LEFT",
            "page_url": "/url?q=https://www.iphones.ru/iNotes/93516&sa=U&ved=0ahUKEwjNi6HEqbDXAhVpEpoKHfYEAcsQwW4IKjAK&usg=AOvVaw1u74Zy4hD1p2MZx5USKh29",
            "py/object": "parser_result.Component",
            "title": "iphones.ruЯндекс.Пробки – это твиттер на колесах320 Х 480; 58 КБ - png",
            "type": "IMAGE",
            "view_url": "iphones.ru"
        },
        {
            "alignment": "LEFT",
            "page_url": "/url?q=https://www.vedomosti.ru/library/articles/2012/12/12/moskva_vstala_v_desyatiballnyh_probkah&sa=U&ved=0ahUKEwjNi6HEqbDXAhVpEpoKHfYEAcsQwW4ILDAL&usg=AOvVaw3kpo3crus3XJCd27aqA7kC",
            "py/object": "parser_result.Component",
            "title": "vedomosti.ruМосква встала в десятибалльных пробках – ВЕДОМОСТИ550 Х 380; 194 КБ - jpg",
            "type": "IMAGE",
            "view_url": "vedomosti.ru"
        },
        {
            "alignment": "LEFT",
            "page_url": "/url?q=http://carclub.ru/news/russia/yandeks_raskrasit_probki_po_novym_kriteriyam.html&sa=U&ved=0ahUKEwjNi6HEqbDXAhVpEpoKHfYEAcsQwW4ILjAM&usg=AOvVaw3ycigVjao1IN3NMFxOSKSU",
            "py/object": "parser_result.Component",
            "title": "carclub.ruЯндекс» раскрасит пробки по новым критериям, яндекс пробки ...340 Х 255; 54 КБ - jpg",
            "type": "IMAGE",
            "view_url": "carclub.ru"
        },
        {
            "alignment": "LEFT",
            "page_url": "/url?q=https://www.drive2.ru/b/288230376152299422/&sa=U&ved=0ahUKEwjNi6HEqbDXAhVpEpoKHfYEAcsQwW4IMDAN&usg=AOvVaw2BQxBbF7mXqVRHeOwOo7Tp",
            "py/object": "parser_result.Component",
            "title": "drive2.ruКомментарии в Яндекс-пробки — DRIVE2960 Х 555; 267 КБ - jpg",
            "type": "IMAGE",
            "view_url": "drive2.ru"
        },
        {
            "alignment": "LEFT",
            "page_url": "/url?q=https://yandex.ru/blog/company/21201&sa=U&ved=0ahUKEwjNi6HEqbDXAhVpEpoKHfYEAcsQwW4IMjAO&usg=AOvVaw2UXEBWML4zHJ9cu1uVk09C",
            "py/object": "parser_result.Component",
            "title": "yandex.ruНовое лицо Яндекс.Пробок — Блог Яндекса675 Х 400; 340 КБ",
            "type": "IMAGE",
            "view_url": "yandex.ru"
        },
        {
            "alignment": "LEFT",
            "page_url": "/url?q=https://www.novayagazeta.ru/articles/2010/10/25/955-my-s-toboy-odnoy-probki-ty-i-ya&sa=U&ved=0ahUKEwjNi6HEqbDXAhVpEpoKHfYEAcsQwW4INDAP&usg=AOvVaw0Lz5trvnlj-FCFcj1ESLDC",
            "py/object": "parser_result.Component",
            "title": "novayagazeta.ruМы с тобой одной пробки. Ты и я380 Х 286; 58 КБ - jpg",
            "type": "IMAGE",
            "view_url": "novayagazeta.ru"
        },
        {
            "alignment": "LEFT",
            "page_url": "/url?q=http://www.rostov.aif.ru/society/details/yandeks_izuchil_avtomobilnye_probki_v_rostove-na-donu_za_posledniy_god&sa=U&ved=0ahUKEwjNi6HEqbDXAhVpEpoKHfYEAcsQwW4INjAQ&usg=AOvVaw141xCa4SKTaCKKoJQnXZmH",
            "py/object": "parser_result.Component",
            "title": "rostov.aif.ruЯндекс изучил автомобильные пробки в Ростове-на-Дону за последний ...640 Х 425; 61 КБ - jpg",
            "type": "IMAGE",
            "view_url": "rostov.aif.ru"
        },
        {
            "alignment": "LEFT",
            "page_url": "/url?q=https://ru.wikipedia.org/wiki/%25D0%25AF%25D0%25BD%25D0%25B4%25D0%25B5%25D0%25BA%25D1%2581.%25D0%259F%25D1%2580%25D0%25BE%25D0%25B1%25D0%25BA%25D0%25B8&sa=U&ved=0ahUKEwjNi6HEqbDXAhVpEpoKHfYEAcsQwW4IODAR&usg=AOvVaw1w5X3ao3Y8ady0c1jp3-pP",
            "py/object": "parser_result.Component",
            "title": "ru.wikipedia.orgЯндекс.Пробки — Википедия235 Х 133; 7 КБ - jpg",
            "type": "IMAGE",
            "view_url": "ru.wikipedia.org"
        },
        {
            "alignment": "LEFT",
            "page_url": "/url?q=https://www.yaplakal.com/forum2/topic272554.html&sa=U&ved=0ahUKEwjNi6HEqbDXAhVpEpoKHfYEAcsQwW4IOjAS&usg=AOvVaw2n_omjxm9wDKkxnot1b7Xj",
            "py/object": "parser_result.Component",
            "title": "yaplakal.comПравильное сообщение от Яндекс.пробки - ЯПлакалъ480 Х 800; 396 КБ - jpg",
            "type": "IMAGE",
            "view_url": "yaplakal.com"
        },
        {
            "alignment": "LEFT",
            "page_url": "/url?q=http://www.aif.ru/auto/roads/303353&sa=U&ved=0ahUKEwjNi6HEqbDXAhVpEpoKHfYEAcsQwW4IPDAT&usg=AOvVaw3ZFrzrL4QsGQU_xwaHOfik",
            "py/object": "parser_result.Component",
            "title": "aif.ruДевятибалльные пробки парализовали Москву перед праздниками ...520 Х 392; 59 КБ - jpg",
            "type": "IMAGE",
            "view_url": "aif.ru"
        }
    ],
    "py/object": "parser_result.ParserResult"
}