{
    "components": [
        {
            "alignment": "LEFT",
            "page_url": "/url?q=http://www.gsconto.com/ru/wiki/show/tracking&sa=U&ved=0ahUKEwi_9rXGqbDXAhWsAJoKHcoxBlQQwW4IFjAA&usg=AOvVaw0ci_ZRWNHmCbdv9stQeF5W",
            "py/object": "parser_result.Component",
            "title": "gsconto.comОтслеживание почтовых отправлений / Вики и блоги / gSconto900 Х 721; 180 КБ - jpeg",
            "type": "IMAGE",
            "view_url": "gsconto.com"
        },
        {
            "alignment": "LEFT",
            "page_url": "/url?q=http://kuplu-internet.ru/node/otslezhivanie-pochtovyx-otpravlenij/&sa=U&ved=0ahUKEwi_9rXGqbDXAhWsAJoKHcoxBlQQwW4IGDAB&usg=AOvVaw0Vdr2cWjSfXrPMVtXb2aGb",
            "py/object": "parser_result.Component",
            "title": "kuplu-internet.ruОтслеживание почтовых отправлений « Купить через Интернет, на Ebay ...500 Х 410; 113 КБ - jpg",
            "type": "IMAGE",
            "view_url": "kuplu-internet.ru"
        },
        {
            "alignment": "LEFT",
            "page_url": "/url?q=http://russianpostcalc.ru/rpo-track.php&sa=U&ved=0ahUKEwi_9rXGqbDXAhWsAJoKHcoxBlQQwW4IGjAC&usg=AOvVaw3lAjpToCv4V8otTnXIQJ_K",
            "py/object": "parser_result.Component",
            "title": "russianpostcalc.ruОтслеживание почтовых отправлений. Онлайн расчет цены и сроков ...498 Х 452; 61 КБ - jpg",
            "type": "IMAGE",
            "view_url": "russianpostcalc.ru"
        },
        {
            "alignment": "LEFT",
            "page_url": "/url?q=https://otvet.mail.ru/question/71976925&sa=U&ved=0ahUKEwi_9rXGqbDXAhWsAJoKHcoxBlQQwW4IHDAD&usg=AOvVaw2PpkklnPX298Rn2mndO4yf",
            "py/object": "parser_result.Component",
            "title": "otvet.mail.ruОтветы@Mail.Ru: Отслеживание почтовых отправлений...600 Х 335; 64 КБ - jpg",
            "type": "IMAGE",
            "view_url": "otvet.mail.ru"
        },
        {
            "alignment": "LEFT",
            "page_url": "/url?q=http://thebestsecretary.ru/%3Fp%3D3126&sa=U&ved=0ahUKEwi_9rXGqbDXAhWsAJoKHcoxBlQQwW4IHjAE&usg=AOvVaw3rKnvhRhNYgOe99eoWz0W0",
            "py/object": "parser_result.Component",
            "title": "thebestsecretary.ruПочта отслеживание почтовых отправлений | Отличный Секретарь ...595 Х 434; 34 КБ - jpg",
            "type": "IMAGE",
            "view_url": "thebestsecretary.ru"
        },
        {
            "alignment": "LEFT",
            "page_url": "/url?q=http://www.gsconto.com/ru/wiki/show/tracking&sa=U&ved=0ahUKEwi_9rXGqbDXAhWsAJoKHcoxBlQQwW4IIDAF&usg=AOvVaw2cRzXmrHztKH6g5GSs0EzW",
            "py/object": "parser_result.Component",
            "title": "gsconto.comОтслеживание почтовых отправлений / Вики и блоги / gSconto800 Х 451; 160 КБ - jpeg",
            "type": "IMAGE",
            "view_url": "gsconto.com"
        },
        {
            "alignment": "LEFT",
            "page_url": "/url?q=http://nnm.me/blogs/v-step/otslezhivanie-pochtovyh-otpravleniy-pochta-rossii/&sa=U&ved=0ahUKEwi_9rXGqbDXAhWsAJoKHcoxBlQQwW4IIjAG&usg=AOvVaw1kcGHkJ98HNyTiMimq-Q-w",
            "py/object": "parser_result.Component",
            "title": "nnm.meОтслеживание почтовых отправлений - \"Почта России\" :: NoNaMe589 Х 495; 81 КБ - jpg",
            "type": "IMAGE",
            "view_url": "nnm.me"
        },
        {
            "alignment": "LEFT",
            "page_url": "/url?q=http://otzovik.com/review_135676.html&sa=U&ved=0ahUKEwi_9rXGqbDXAhWsAJoKHcoxBlQQwW4IJDAH&usg=AOvVaw0J_t7bkd-PX8TIbMMaFROD",
            "py/object": "parser_result.Component",
            "title": "otzovik.comОтзыв о Отслеживание почтовых отправлений Почта России | Просто ...600 Х 385; 37 КБ - jpg",
            "type": "IMAGE",
            "view_url": "otzovik.com"
        },
        {
            "alignment": "LEFT",
            "page_url": "/url?q=http://online-shop33.ru/pochta-rossii/&sa=U&ved=0ahUKEwi_9rXGqbDXAhWsAJoKHcoxBlQQwW4IJjAI&usg=AOvVaw08gpYCKNa_6KhUjnytiPtU",
            "py/object": "parser_result.Component",
            "title": "online-shop33.ruПочта России - отслеживание почтовых отправлений.761 Х 682; 140 КБ - jpg",
            "type": "IMAGE",
            "view_url": "online-shop33.ru"
        },
        {
            "alignment": "LEFT",
            "page_url": "/url?q=https://liveopencart.ru/opencart-moduli-shablony/moduli/dostavka/avtomaticheskoe-otslejivanie-pochtovyih-otpravleniy-pochtyi-rossii&sa=U&ved=0ahUKEwi_9rXGqbDXAhWsAJoKHcoxBlQQwW4IKDAJ&usg=AOvVaw2r5jcqNixneYvgBwOLZNg9",
            "py/object": "parser_result.Component",
            "title": "liveopencart.ruАвтоматическое отслеживание почтовых отправлений Почты России 1.3 ...970 Х 837; 112 КБ - png",
            "type": "IMAGE",
            "view_url": "liveopencart.ru"
        },
        {
            "alignment": "LEFT",
            "page_url": "/url?q=http://www.aspirantura.spb.ru/forum/showthread.php%3Ft%3D9823&sa=U&ved=0ahUKEwi_9rXGqbDXAhWsAJoKHcoxBlQQwW4IKjAK&usg=AOvVaw0Fv08wh4UIWdtaVtr_5Net",
            "py/object": "parser_result.Component",
            "title": "aspirantura.spb.ruОтправка аттестационного дела. Отслеживание почтовых отправлений ...727 Х 752; 55 КБ - php",
            "type": "IMAGE",
            "view_url": "aspirantura.spb.ru"
        },
        {
            "alignment": "LEFT",
            "page_url": "/url?q=http://forum.track24.ru/index.php%3Fthreads/%25D0%25A0%25D0%25B0%25D1%2581%25D1%2588%25D0%25B8%25D1%2580%25D0%25B5%25D0%25BD%25D0%25B8%25D0%25B5-%25D0%25B4%25D0%25BB%25D1%258F-%25D0%25BE%25D1%2582%25D1%2581%25D0%25BB%25D0%25B5%25D0%25B6%25D0%25B8%25D0%25B2%25D0%25B0%25D0%25BD%25D0%25B8%25D1%258F-%25D0%25BF%25D0%25BE%25D1%2587%25D1%2582%25D0%25BE%25D0%25B2%25D1%258B%25D1%2585-%25D0%25BE%25D1%2582%25D0%25BF%25D1%2580%25D0%25B0%25D0%25B2%25D0%25BB%25D0%25B5%25D0%25BD%25D0%25B8%25D0%25B9.40/&sa=U&ved=0ahUKEwi_9rXGqbDXAhWsAJoKHcoxBlQQwW4ILDAL&usg=AOvVaw2tv9NYuHIOr60iW3Us2O4c",
            "py/object": "parser_result.Component",
            "title": "forum.track24.ruРасширение для отслеживания почтовых отправлений | Track24.ru ...640 Х 400; 22 КБ",
            "type": "IMAGE",
            "view_url": "forum.track24.ru"
        },
        {
            "alignment": "LEFT",
            "page_url": "/url?q=http://otzovik.com/review_230731.html&sa=U&ved=0ahUKEwi_9rXGqbDXAhWsAJoKHcoxBlQQwW4ILjAM&usg=AOvVaw0mopUeCOtDqiwlw2jTAC6e",
            "py/object": "parser_result.Component",
            "title": "otzovik.comОтзыв о Отслеживание почтовых отправлений Почта России | Отличный ...600 Х 443; 38 КБ - jpg",
            "type": "IMAGE",
            "view_url": "otzovik.com"
        },
        {
            "alignment": "LEFT",
            "page_url": "/url?q=http://software-expert.ru/2010/01/02/trackingpo/&sa=U&ved=0ahUKEwi_9rXGqbDXAhWsAJoKHcoxBlQQwW4IMDAN&usg=AOvVaw2Xe-eMSx2jGQpRkaBmNt8n",
            "py/object": "parser_result.Component",
            "title": "software-expert.ruОтслеживание почтовых отправлений -- Software Expert350 Х 389; 46 КБ - gif",
            "type": "IMAGE",
            "view_url": "software-expert.ru"
        },
        {
            "alignment": "LEFT",
            "page_url": "/url?q=https://shophelp.ru/forum/blog.php%3Fb%3D5975&sa=U&ved=0ahUKEwi_9rXGqbDXAhWsAJoKHcoxBlQQwW4IMjAO&usg=AOvVaw1-F201OFUcgI1pa-3eHJ9k",
            "py/object": "parser_result.Component",
            "title": "shophelp.ruПочта США - Россия. Отслеживание почтовых отправлений. - Форум ...620 Х 379; 29 КБ - jpg",
            "type": "IMAGE",
            "view_url": "shophelp.ru"
        },
        {
            "alignment": "LEFT",
            "page_url": "/url?q=https://1track.ru/&sa=U&ved=0ahUKEwi_9rXGqbDXAhWsAJoKHcoxBlQQwW4INDAP&usg=AOvVaw1B1W2bnvjU2k-DbTJbqSTw",
            "py/object": "parser_result.Component",
            "title": "1track.ruОтслеживание посылок (трэкинг) - отследить по идентификатору (трек ...600 Х 472; 75 КБ - png",
            "type": "IMAGE",
            "view_url": "1track.ru"
        },
        {
            "alignment": "LEFT",
            "page_url": "/url?q=http://otzovik.com/review_170243.html&sa=U&ved=0ahUKEwi_9rXGqbDXAhWsAJoKHcoxBlQQwW4INjAQ&usg=AOvVaw11vcIRzhEdjWQ_iaAZXOLz",
            "py/object": "parser_result.Component",
            "title": "otzovik.comОтзыв о Отслеживание почтовых отправлений Почта России | полезный сайт600 Х 547; 46 КБ - jpg",
            "type": "IMAGE",
            "view_url": "otzovik.com"
        },
        {
            "alignment": "LEFT",
            "page_url": "/url?q=http://taksimoskva.com/%3Fk%3D%25D0%259E%25D1%2582%25D1%2581%25D0%25BB%25D0%25B5%25D0%25B6%25D0%25B8%25D0%25B2%25D0%25B0%25D0%25BD%25D0%25B8%25D0%25B5%2B%25D0%25BF%25D0%25BE%25D1%2587%25D1%2582%25D0%25BE%25D0%25B2%25D1%258B%25D1%2585%2B%25D0%25BE%25D1%2582%25D0%25BF%25D1%2580%25D0%25B0%25D0%25B2%25D0%25BB%25D0%25B5%25D0%25BD%25D0%25B8%25D0%25B9%2BEMS%2B%25D0%259F%25D0%25BE%25D1%2587%25D1%2582%25D0%25B0%2B%25D0%25A0%25D0%25BE%25D1%2581%25D1%2581%25D0%25B8%25D0%25B8&sa=U&ved=0ahUKEwi_9rXGqbDXAhWsAJoKHcoxBlQQwW4IODAR&usg=AOvVaw1aN0jYXLB2mteJV8fbop6h",
            "py/object": "parser_result.Component",
            "title": "taksimoskva.comОтслеживание почтовых отправлений EMS Почта России1054 Х 691; 258 КБ - png",
            "type": "IMAGE",
            "view_url": "taksimoskva.com"
        },
        {
            "alignment": "LEFT",
            "page_url": "/url?q=https://postal.ninja/ru/p/ems-russian-post/tracking&sa=U&ved=0ahUKEwi_9rXGqbDXAhWsAJoKHcoxBlQQwW4IOjAS&usg=AOvVaw3mPGat1-XEmjeXo7Bq204i",
            "py/object": "parser_result.Component",
            "title": "postal.ninjaЕМС Почта России отслеживание отправлений и посылок / Postal Ninja1310 Х 1470; 225 КБ - png",
            "type": "IMAGE",
            "view_url": "postal.ninja"
        },
        {
            "alignment": "LEFT",
            "page_url": "/url?q=http://www.aliguru.ru/otslegivanie-posylok/&sa=U&ved=0ahUKEwi_9rXGqbDXAhWsAJoKHcoxBlQQwW4IPDAT&usg=AOvVaw2okzjlumc82du4Tbl-2DHT",
            "py/object": "parser_result.Component",
            "title": "aliguru.ruОтслеживание посылок из китая620 Х 371; 58 КБ - jpg",
            "type": "IMAGE",
            "view_url": "aliguru.ru"
        }
    ],
    "py/object": "parser_result.ParserResult"
}