{
    "components": [
        {
            "alignment": "LEFT",
            "page_url": "/url?q=http://school8-kogalym.narod.ru/p84aa1.html&sa=U&ved=0ahUKEwimxKTJqbDXAhXhNpoKHS5sCrEQwW4IFjAA&usg=AOvVaw0IOXHlfFmlytTgMqTv9jQn",
            "py/object": "parser_result.Component",
            "title": "school8-kogalym.narod.ruЭлектронный классный журнал800 Х 423; 106 КБ - jpg",
            "type": "IMAGE",
            "view_url": "school8-kogalym.narod.ru"
        },
        {
            "alignment": "LEFT",
            "page_url": "/url?q=https://www.youtube.com/watch%3Fv%3D8t1pzZXSfNo&sa=U&ved=0ahUKEwimxKTJqbDXAhXhNpoKHS5sCrEQwW4IGDAB&usg=AOvVaw2muIlObeSw0FjYN7Dw5AR4",
            "py/object": "parser_result.Component",
            "title": "youtube.comКак ставить оценки в электронный журнал ЭлЖур - YouTube1280 Х 720; 80 КБ - jpg",
            "type": "IMAGE",
            "view_url": "youtube.com"
        },
        {
            "alignment": "LEFT",
            "page_url": "/url?q=http://www.chelnyltd.ru/ofitsioz/shkoli__tolko_elektronniy_zhurnal_%3Flang%3Dru%2522%2522%252F&sa=U&ved=0ahUKEwimxKTJqbDXAhXhNpoKHS5sCrEQwW4IGjAC&usg=AOvVaw2KQO81-wbZSWTtBtFmdx-I",
            "py/object": "parser_result.Component",
            "title": "chelnyltd.ruШколы: только электронный журнал!400 Х 291; 109 КБ - jpg",
            "type": "IMAGE",
            "view_url": "chelnyltd.ru"
        },
        {
            "alignment": "LEFT",
            "page_url": "/url?q=http://www.e-school.ru/products/12/&sa=U&ved=0ahUKEwimxKTJqbDXAhXhNpoKHS5sCrEQwW4IHDAD&usg=AOvVaw1RhnPfRWWq601H7nMcngRj",
            "py/object": "parser_result.Component",
            "title": "e-school.ruПрограммы для школы - электронный классный журнал, школьный ...400 Х 289; 50 КБ - gif",
            "type": "IMAGE",
            "view_url": "e-school.ru"
        },
        {
            "alignment": "LEFT",
            "page_url": "/url?q=http://ufour.ru/works/sites/work_21.html&sa=U&ved=0ahUKEwimxKTJqbDXAhXhNpoKHS5sCrEQwW4IHjAE&usg=AOvVaw3p0Fr_bOFgOC9kg6sZkgEY",
            "py/object": "parser_result.Component",
            "title": "ufour.ruЭлектронный журнал»800 Х 855; 186 КБ - png",
            "type": "IMAGE",
            "view_url": "ufour.ru"
        },
        {
            "alignment": "LEFT",
            "page_url": "/url?q=http://lokschool2011.ucoz.ru/index/ehlektronnyj_zhurnal/0-20&sa=U&ved=0ahUKEwimxKTJqbDXAhXhNpoKHS5sCrEQwW4IIDAF&usg=AOvVaw1sYBZDv19ZD-WXYnafYECJ",
            "py/object": "parser_result.Component",
            "title": "lokschool2011.ucoz.ruЛокнянская школа - Электронный журнал451 Х 310; 49 КБ - gif",
            "type": "IMAGE",
            "view_url": "lokschool2011.ucoz.ru"
        },
        {
            "alignment": "LEFT",
            "page_url": "/url?q=http://eljur.ru/&sa=U&ved=0ahUKEwimxKTJqbDXAhXhNpoKHS5sCrEQwW4IIjAG&usg=AOvVaw3ZJE2QFouZWHj_DcLtZ8MI",
            "py/object": "parser_result.Component",
            "title": "eljur.ruЭлектронный журнал в школе для учителей и электронный дневник для ...610 Х 300; 21 КБ - png",
            "type": "IMAGE",
            "view_url": "eljur.ru"
        },
        {
            "alignment": "LEFT",
            "page_url": "/url?q=http://ufavesti.ru/13480-bashkirskie-shkoly-perevodyat-na-elektronnyy-zhurnal.html&sa=U&ved=0ahUKEwimxKTJqbDXAhXhNpoKHS5sCrEQwW4IJDAH&usg=AOvVaw2P-o18toBWmy-nOZJLQMHR",
            "py/object": "parser_result.Component",
            "title": "ufavesti.ruБашкирские школы переводят на «электронный журнал» — Ufavesti.Ru ...800 Х 566; 42 КБ - gif",
            "type": "IMAGE",
            "view_url": "ufavesti.ru"
        },
        {
            "alignment": "LEFT",
            "page_url": "/url?q=http://waters.my1.ru/blog/komitet_po_obrazovaniju_vse_novgorodskie_shkoly_pereshli_na_ehlektronnye/2015-04-02-33&sa=U&ved=0ahUKEwimxKTJqbDXAhXhNpoKHS5sCrEQwW4IJjAI&usg=AOvVaw0TmcdHqtO4l6FFgBkp2EVm",
            "py/object": "parser_result.Component",
            "title": "waters.my1.ruКомитет по образованию: Все новгородские школы перешли на ...960 Х 720; 84 КБ - jpg",
            "type": "IMAGE",
            "view_url": "waters.my1.ru"
        },
        {
            "alignment": "LEFT",
            "page_url": "/url?q=http://obrmos.ru/dop/news/dop_news_el_gur.html&sa=U&ved=0ahUKEwimxKTJqbDXAhXhNpoKHS5sCrEQwW4IKDAJ&usg=AOvVaw3ODtJGrXc2H_WKEg0ldAQM",
            "py/object": "parser_result.Component",
            "title": "obrmos.ruЭлектронные журналы в Школах Москвы494 Х 378; 41 КБ - jpg",
            "type": "IMAGE",
            "view_url": "obrmos.ru"
        },
        {
            "alignment": "LEFT",
            "page_url": "/url?q=http://eljur.ru/&sa=U&ved=0ahUKEwimxKTJqbDXAhXhNpoKHS5sCrEQwW4IKjAK&usg=AOvVaw1lUj3Yllai3mtWPOnCODek",
            "py/object": "parser_result.Component",
            "title": "eljur.ruЭлектронный журнал в школе для учителей и электронный дневник для ...610 Х 300; 26 КБ - png",
            "type": "IMAGE",
            "view_url": "eljur.ru"
        },
        {
            "alignment": "LEFT",
            "page_url": "/url?q=http://pedsovet.su/publ/44-1-0-5084&sa=U&ved=0ahUKEwimxKTJqbDXAhXhNpoKHS5sCrEQwW4ILDAL&usg=AOvVaw141nAQhXjrnXWEicCy20WZ",
            "py/object": "parser_result.Component",
            "title": "pedsovet.suЭлектронные журналы. Какой выбрать? - Использование ИКТ ...400 Х 255; 32 КБ - gif",
            "type": "IMAGE",
            "view_url": "pedsovet.su"
        },
        {
            "alignment": "LEFT",
            "page_url": "/url?q=http://www.itmathrepetitor.ru/yelektronnyy-zhurnal-dlya-uchiteley/&sa=U&ved=0ahUKEwimxKTJqbDXAhXhNpoKHS5sCrEQwW4ILjAM&usg=AOvVaw0qT5iDR5mx8Z3iKRzL_cv5",
            "py/object": "parser_result.Component",
            "title": "itmathrepetitor.ruЭлектронный журнал для учителей936 Х 378; 53 КБ - png",
            "type": "IMAGE",
            "view_url": "itmathrepetitor.ru"
        },
        {
            "alignment": "LEFT",
            "page_url": "/url?q=http://velichenkona.ucoz.ru/index/0-16&sa=U&ved=0ahUKEwimxKTJqbDXAhXhNpoKHS5sCrEQwW4IMDAN&usg=AOvVaw0ALFA80RSzforD_hfZA-Wm",
            "py/object": "parser_result.Component",
            "title": "velichenkona.ucoz.ruПерсональный сайт Величенко Натальи Эбертовны - Электронный журнал736 Х 559; 16 КБ - png",
            "type": "IMAGE",
            "view_url": "velichenkona.ucoz.ru"
        },
        {
            "alignment": "LEFT",
            "page_url": "/url?q=https://portal.iv-edu.ru/dep/mouopalex/palexskiyrn_palehskayasosh/parents/journal.aspx&sa=U&ved=0ahUKEwimxKTJqbDXAhXhNpoKHS5sCrEQwW4IMjAO&usg=AOvVaw2Ix2hH3whNO1cHTxsJkDGz",
            "py/object": "parser_result.Component",
            "title": "portal.iv-edu.ruДомашняя - МКОУ Палехская СШ365 Х 215; 16 КБ - jpg",
            "type": "IMAGE",
            "view_url": "portal.iv-edu.ru"
        },
        {
            "alignment": "LEFT",
            "page_url": "/url?q=http://logoped18.ru/logopedist/elektronnyy-zhurnal-poseshchayemosti-logopeda.php&sa=U&ved=0ahUKEwimxKTJqbDXAhXhNpoKHS5sCrEQwW4INDAP&usg=AOvVaw0l8Dni0Vxa-AnNtN1LbWaU",
            "py/object": "parser_result.Component",
            "title": "logoped18.ruЭлектронный журнал посещаемости логопеда1000 Х 439; 131 КБ - jpg",
            "type": "IMAGE",
            "view_url": "logoped18.ru"
        },
        {
            "alignment": "LEFT",
            "page_url": "/url?q=http://in-news.ru/news/obshestvo/s-novogo-uchebnogo-goda-shkoly-surgutskogo-rayona-pereydut-na-elektronnyy-zhurnal.html&sa=U&ved=0ahUKEwimxKTJqbDXAhXhNpoKHS5sCrEQwW4INjAQ&usg=AOvVaw0v7Ccjk-m2FByPcMS8ZPLd",
            "py/object": "parser_result.Component",
            "title": "in-news.ruС нового учебного года школы Сургутского района перейдут на ...960 Х 720; 107 КБ - jpg",
            "type": "IMAGE",
            "view_url": "in-news.ru"
        },
        {
            "alignment": "LEFT",
            "page_url": "/url?q=http://eljur.ru/podkluchenie&sa=U&ved=0ahUKEwimxKTJqbDXAhXhNpoKHS5sCrEQwW4IODAR&usg=AOvVaw3-GGXGMzJTbR_o7D91mt2h",
            "py/object": "parser_result.Component",
            "title": "eljur.ruПодключение электронного журнала в школе – Электронный журнал ...1280 Х 720; 108 КБ - jpg",
            "type": "IMAGE",
            "view_url": "eljur.ru"
        },
        {
            "alignment": "LEFT",
            "page_url": "/url?q=http://www.nakhodka.tv/news/19054/%3Fprint%3D1&sa=U&ved=0ahUKEwimxKTJqbDXAhXhNpoKHS5sCrEQwW4IOjAS&usg=AOvVaw2tF9-gfVRkq0JOFK4vQgo8",
            "py/object": "parser_result.Component",
            "title": "nakhodka.tvВвёл пароль - узнал оценку. Электронный дневник ластиком не ...720 Х 576; 52 КБ - jpg",
            "type": "IMAGE",
            "view_url": "nakhodka.tv"
        },
        {
            "alignment": "LEFT",
            "page_url": "/url?q=http://www.nachalka.com/ikt_23&sa=U&ved=0ahUKEwimxKTJqbDXAhXhNpoKHS5sCrEQwW4IPDAT&usg=AOvVaw0YtuywEs_vkB4fyCOTVnFc",
            "py/object": "parser_result.Component",
            "title": "nachalka.comИКТ в начальной школе: электронный журнал для началки с помощью ...1073 Х 731; 65 КБ - png",
            "type": "IMAGE",
            "view_url": "nachalka.com"
        }
    ],
    "py/object": "parser_result.ParserResult"
}