{
    "components": [
        {
            "alignment": "LEFT",
            "page_url": "/url?q=http://freesoft.ru/konverter_valyut&sa=U&ved=0ahUKEwiKhtbQqbDXAhWlDpoKHXH_BfQQwW4IFjAA&usg=AOvVaw1_rPAulcHkEmZag8xsWXmC",
            "py/object": "parser_result.Component",
            "title": "freesoft.ruКонвертер валют для Android - скачать бесплатно | Конвертер валют ...320 Х 480; 20 КБ - jpg",
            "type": "IMAGE",
            "view_url": "freesoft.ru"
        },
        {
            "alignment": "LEFT",
            "page_url": "/url?q=http://ekaterinburg-credit.su/konverter-valyut/&sa=U&ved=0ahUKEwiKhtbQqbDXAhWlDpoKHXH_BfQQwW4IGDAB&usg=AOvVaw36CyJweJLb1oWGWC50FQCO",
            "py/object": "parser_result.Component",
            "title": "ekaterinburg-credit.suКонвертер валют | Кредиты в Екатеринбурге309 Х 313; 113 КБ - png",
            "type": "IMAGE",
            "view_url": "ekaterinburg-credit.su"
        },
        {
            "alignment": "LEFT",
            "page_url": "/url?q=https://0225.ru/online-servisy-bobruyska/435-onlayn-konverter-valyut.html&sa=U&ved=0ahUKEwiKhtbQqbDXAhWlDpoKHXH_BfQQwW4IGjAC&usg=AOvVaw2cY0EBBc03cbBrkbPBVWql",
            "py/object": "parser_result.Component",
            "title": "0225.ruконвертер валют250 Х 193; 16 КБ - jpg",
            "type": "IMAGE",
            "view_url": "0225.ru"
        },
        {
            "alignment": "LEFT",
            "page_url": "/url?q=http://www.smartphone.ua/s_6665.html&sa=U&ved=0ahUKEwiKhtbQqbDXAhWlDpoKHXH_BfQQwW4IHDAD&usg=AOvVaw3txWHRP6nmGfeuNU5tbCAY",
            "py/object": "parser_result.Component",
            "title": "smartphone.uaКонвертер Валют FREE для Android OS - скачать. Программа для ...320 Х 480; 48 КБ - gif",
            "type": "IMAGE",
            "view_url": "smartphone.ua"
        },
        {
            "alignment": "LEFT",
            "page_url": "/url?q=https://play.google.com/store/apps/details%3Fid%3Dlaclaveganadora.miconversor%26hl%3Dru&sa=U&ved=0ahUKEwiKhtbQqbDXAhWlDpoKHXH_BfQQwW4IHjAE&usg=AOvVaw1pNsRTVRovdFGIj9RuNCcD",
            "py/object": "parser_result.Component",
            "title": "play.google.comПриложения в Google Play – Мой конвертер валют506 Х 900; 84 КБ",
            "type": "IMAGE",
            "view_url": "play.google.com"
        },
        {
            "alignment": "LEFT",
            "page_url": "/url?q=http://gonchar.me/blog/goncharposts/927&sa=U&ved=0ahUKEwiKhtbQqbDXAhWlDpoKHXH_BfQQwW4IIDAF&usg=AOvVaw2yU1gG5P5smv8M4w_pGMNg",
            "py/object": "parser_result.Component",
            "title": "gonchar.mexChanger – конвертер валют600 Х 372; 58 КБ - jpg",
            "type": "IMAGE",
            "view_url": "gonchar.me"
        },
        {
            "alignment": "LEFT",
            "page_url": "/url?q=https://www.sravni.ru/enciklopediya/info/konvertacija-valjuty/&sa=U&ved=0ahUKEwiKhtbQqbDXAhWlDpoKHXH_BfQQwW4IIjAG&usg=AOvVaw2u39KjHIxl7hxjZuo3Pd4s",
            "py/object": "parser_result.Component",
            "title": "sravni.ruКонвертация валюты, безналичная конвертация валюты, комиссия за ...1024 Х 1024; 306 КБ - png",
            "type": "IMAGE",
            "view_url": "sravni.ru"
        },
        {
            "alignment": "LEFT",
            "page_url": "/url?q=http://netler.ru/ipad/currencygo.htm&sa=U&ved=0ahUKEwiKhtbQqbDXAhWlDpoKHXH_BfQQwW4IJDAH&usg=AOvVaw0EGPj5mW4gzp1hbPE4ifo7",
            "py/object": "parser_result.Component",
            "title": "netler.ruКурсы и Конвертер Валют с Несколькими Источниками Данных450 Х 335; 47 КБ - jpg",
            "type": "IMAGE",
            "view_url": "netler.ru"
        },
        {
            "alignment": "LEFT",
            "page_url": "/url?q=https://www.youtube.com/watch%3Fv%3Dczd6jvqBEGo&sa=U&ved=0ahUKEwiKhtbQqbDXAhWlDpoKHXH_BfQQwW4IJjAI&usg=AOvVaw3oJMgfjv2TB-J8V3b3SQTx",
            "py/object": "parser_result.Component",
            "title": "youtube.comКонвертер валют онлайн (sovetfrom.net) - YouTube1440 Х 900; 50 КБ - jpg",
            "type": "IMAGE",
            "view_url": "youtube.com"
        },
        {
            "alignment": "LEFT",
            "page_url": "/url?q=http://ruapps.ru/iphone-ipad/biznes-finansy/rbk-konverter-valyut-bpaojj.html&sa=U&ved=0ahUKEwiKhtbQqbDXAhWlDpoKHXH_BfQQwW4IKDAJ&usg=AOvVaw2FpgWXtACvhvVjRVdgmzWp",
            "py/object": "parser_result.Component",
            "title": "ruapps.ruРБК Конвертер валют - iPhone/iPad - Русские Apps320 Х 480; 47 КБ - jpg",
            "type": "IMAGE",
            "view_url": "ruapps.ru"
        },
        {
            "alignment": "LEFT",
            "page_url": "/url?q=https://play.google.com/store/apps/details%3Fid%3Dcom.easy.currency.extra.androary%26hl%3Dru&sa=U&ved=0ahUKEwiKhtbQqbDXAhWlDpoKHXH_BfQQwW4IKjAK&usg=AOvVaw1EzYfdC0lDS-isMEs3OYVh",
            "py/object": "parser_result.Component",
            "title": "play.google.comПриложения в Google Play – Легкий конвертер валют480 Х 800; 63 КБ",
            "type": "IMAGE",
            "view_url": "play.google.com"
        },
        {
            "alignment": "LEFT",
            "page_url": "/url?q=http://androidcoder.ru/konverter-valyut&sa=U&ved=0ahUKEwiKhtbQqbDXAhWlDpoKHXH_BfQQwW4ILDAL&usg=AOvVaw0wEnM8ajJ1CBDnZ3EXcn7A",
            "py/object": "parser_result.Component",
            "title": "androidcoder.ruКонвертер валют: актуальные курсы 140 национальных валют200 Х 200; 35 КБ - png",
            "type": "IMAGE",
            "view_url": "androidcoder.ru"
        },
        {
            "alignment": "LEFT",
            "page_url": "/url?q=https://itunes.apple.com/ru/app/%25D0%25BA%25D0%25BE%25D0%25BD%25D0%25B2%25D0%25B5%25D1%2580%25D1%2582%25D0%25B5%25D1%2580-%25D0%25B2%25D0%25B0%25D0%25BB%25D1%258E%25D1%2582-finanz-ru/id418325613%3Fmt%3D8&sa=U&ved=0ahUKEwiKhtbQqbDXAhWlDpoKHXH_BfQQwW4ILjAM&usg=AOvVaw0Hz6qnEi4dWrEu6b0JYxjq",
            "py/object": "parser_result.Component",
            "title": "itunes.apple.comКонвертер Валют - finanz.ru в App Store630 Х 630; 35 КБ - jpg",
            "type": "IMAGE",
            "view_url": "itunes.apple.com"
        },
        {
            "alignment": "LEFT",
            "page_url": "/url?q=http://downloadgps.ru/navigator/cat31/11111-.html&sa=U&ved=0ahUKEwiKhtbQqbDXAhWlDpoKHXH_BfQQwW4IMDAN&usg=AOvVaw1_yG2ojH31Z5t90yCSrO9Q",
            "py/object": "parser_result.Component",
            "title": "downloadgps.ruОбзор gps навигатора Garmin nuvi 760 Часть 7,gps,навигация,карта ...480 Х 272; 11 КБ - jpg",
            "type": "IMAGE",
            "view_url": "downloadgps.ru"
        },
        {
            "alignment": "LEFT",
            "page_url": "/url?q=http://credit-online.su/converter.html&sa=U&ved=0ahUKEwiKhtbQqbDXAhWlDpoKHXH_BfQQwW4IMjAO&usg=AOvVaw2VK1O8t80gV3uKNM9ijJ59",
            "py/object": "parser_result.Component",
            "title": "credit-online.suПеревести рубли в гривны, доллары, евро | Онлайн конвертер валют400 Х 226; 58 КБ - png",
            "type": "IMAGE",
            "view_url": "credit-online.su"
        },
        {
            "alignment": "LEFT",
            "page_url": "/url?q=http://macosworld.ru/coinverter-for-mac/&sa=U&ved=0ahUKEwiKhtbQqbDXAhWlDpoKHXH_BfQQwW4INDAP&usg=AOvVaw3PIW3WTKJ7mbso-QDzh300",
            "py/object": "parser_result.Component",
            "title": "macosworld.ruCoinverter — конвертер валют для Mac2156 Х 1032; 81 КБ - jpg",
            "type": "IMAGE",
            "view_url": "macosworld.ru"
        },
        {
            "alignment": "LEFT",
            "page_url": "/url?q=http://programmi-dlya-android.ru/biznes/konvertery/konverter-valyut.html&sa=U&ved=0ahUKEwiKhtbQqbDXAhWlDpoKHXH_BfQQwW4INjAQ&usg=AOvVaw1VKfbOj1Mhi5xr7Jf9-TqA",
            "py/object": "parser_result.Component",
            "title": "programmi-dlya-android.ruКонвертер валют | Бесплатные программы для андроид скачать ...300 Х 300; 105 КБ - png",
            "type": "IMAGE",
            "view_url": "programmi-dlya-android.ru"
        },
        {
            "alignment": "LEFT",
            "page_url": "/url?q=https://play.google.com/store/apps/details%3Fid%3Dcom.easy.currency.extra.androary%26hl%3Dru&sa=U&ved=0ahUKEwiKhtbQqbDXAhWlDpoKHXH_BfQQwW4IODAR&usg=AOvVaw0IvNk7HzEEujkLy8V3n0o_",
            "py/object": "parser_result.Component",
            "title": "play.google.comПриложения в Google Play – Легкий конвертер валют300 Х 300; 61 КБ",
            "type": "IMAGE",
            "view_url": "play.google.com"
        },
        {
            "alignment": "LEFT",
            "page_url": "/url?q=https://uip.me/2013/02/uip-rekomenduet-88-currency-komfortnyj-konverter-valyut/&sa=U&ved=0ahUKEwiKhtbQqbDXAhWlDpoKHXH_BfQQwW4IOjAS&usg=AOvVaw16MzWzoHSABb3fQsT5NydL",
            "py/object": "parser_result.Component",
            "title": "uip.meUiP рекомендует №88] Currency! Комфортный конвертер валют630 Х 350; 104 КБ - jpg",
            "type": "IMAGE",
            "view_url": "uip.me"
        },
        {
            "alignment": "LEFT",
            "page_url": "/url?q=https://apkpure.com/%25D0%25BF%25D1%2580%25D0%25BE%25D1%2581%25D1%2582%25D0%25BE%25D0%25B9-%25D0%25BA%25D0%25BE%25D0%25BD%25D0%25B2%25D0%25B5%25D1%2580%25D1%2582%25D0%25B5%25D1%2580-%25D0%25B2%25D0%25B0%25D0%25BB%25D1%258E%25D1%2582/inc.dreamgameindustry.cbrp&sa=U&ved=0ahUKEwiKhtbQqbDXAhWlDpoKHXH_BfQQwW4IPDAT&usg=AOvVaw2jamhh-w-jwpqbRBGpMHFr",
            "py/object": "parser_result.Component",
            "title": "apkpure.comПростой конвертер валют APK Download - Free Business APP for ...200 Х 355; 12 КБ - jpg",
            "type": "IMAGE",
            "view_url": "apkpure.com"
        }
    ],
    "py/object": "parser_result.ParserResult"
}