{
    "components": [
        {
            "type": "SEARCH_RESULT",
            "alignment": "LEFT",
            "page_url": "/url?q=http://editor.0lik.ru/&sa=U&ved=0ahUKEwi11tPZro_XAhVkG5oKHYheDLUQFggUMAA&usg=AOvVaw3D_edIL5lMWBp47kCmSGGu",
            "title": "Фотошоп Онлайн / Photoshop Online",
            "snippet": "Фотошоп онлайн позволит вам быстро и эффективно работать с любыми \nизображениями, а также делать фотомонтаж прямо в окне браузера ...",
            "view_url": "editor.0lik.ru/"
        },
        {
            "type": "SEARCH_RESULT",
            "alignment": "LEFT",
            "page_url": "/url?q=https://online-fotoshop.ru/&sa=U&ved=0ahUKEwi11tPZro_XAhVkG5oKHYheDLUQFggeMAE&usg=AOvVaw1TQ0u3kz4uqhi_9WJNOr9I",
            "title": "Фотошоп онлайн - фоторедактор 2017!",
            "snippet": "Новый бесплатный фотошоп онлайн 2017 года на русском языке. Более 100 \nэффектов монтажа! Похож на адоб PS CS6. Заменить фон, вставить лицо ...",
            "view_url": "https://online-fotoshop.ru/"
        },
        {
            "type": "SEARCH_RESULT",
            "alignment": "LEFT",
            "page_url": "/url?q=https://online-fotoshop.ru/photoshop-online-express/&sa=U&ved=0ahUKEwi11tPZro_XAhVkG5oKHYheDLUQFggpMAI&usg=AOvVaw19WcrhvUSIqM5kZfQwO7B4",
            "title": "Фотошоп онлайн экспресс - фильтры инстаграм и надписи для ...",
            "snippet": "Фильтры для фото и инстаграм в фотошоп онлайн экспресс за Октябрь 2017 \nгода! Наложить текст и добавить надпись на фото, размыть фон - просто ...",
            "view_url": "https://online-fotoshop.ru/photoshop-online-express/"
        },
        {
            "type": "SEARCH_RESULT",
            "alignment": "LEFT",
            "page_url": "/url?q=https://avatan.ru/&sa=U&ved=0ahUKEwi11tPZro_XAhVkG5oKHYheDLUQFggvMAM&usg=AOvVaw3TRwSFBlcvUxGCiYi6OWev",
            "title": "AVATAN - Необычный Фоторедактор | Бесплатный Онлайн",
            "snippet": "Аватан – это онлайн фоторедактор с неограниченными возможностями. \nДаже если Вы новичок, то без труда сможете качественно и стильно ...",
            "view_url": "https://avatan.ru/"
        },
        {
            "type": "SEARCH_RESULT",
            "alignment": "LEFT",
            "page_url": "/url?q=http://photoshop.vse-o-pozitive.ru/&sa=U&ved=0ahUKEwi11tPZro_XAhVkG5oKHYheDLUQFgg1MAQ&usg=AOvVaw0Wi-hYCfefBS14amGmsZOs",
            "title": "Photoshop Online / Онлайн Фотошоп / Редактор фотографий ...",
            "snippet": "Онлайн фотошоп поможет вам быстро и эффективно редактировать ваши \nфотографии онлайн. Вы можете обрабатывать ваши фотографии онлайн и\n ...",
            "view_url": "photoshop.vse-o-pozitive.ru/"
        },
        {
            "type": "SEARCH_RESULT",
            "alignment": "LEFT",
            "page_url": "/url?q=https://photoshop-online.biz/&sa=U&ved=0ahUKEwi11tPZro_XAhVkG5oKHYheDLUQFgg7MAU&usg=AOvVaw3fPw9ZAB9xSHoRTFUO3F5E",
            "title": "Фотошоп онлайн на русском",
            "snippet": "С помощью фотошопа онлайн на русском языке Вы можете редактировать \nизображения, фотографии и клипарты, сделать коллаж или наложить ...",
            "view_url": "https://photoshop-online.biz/"
        },
        {
            "type": "SEARCH_RESULT",
            "alignment": "LEFT",
            "page_url": "/url?q=http://ru.photofacefun.com/photoeditor/&sa=U&ved=0ahUKEwi11tPZro_XAhVkG5oKHYheDLUQFghBMAY&usg=AOvVaw3oloRsRUQ1-RGYEKaUWXar",
            "title": "Фотошоп онлайн на русском c эффектами | Pff.me ...",
            "snippet": "С помощью нашего онлайн фоторедактора вы сможете обработать ваше \nфото прямо в браузере. Полноценная замена фотошопа онлайн.",
            "view_url": "ru.photofacefun.com/photoeditor/"
        },
        {
            "type": "SEARCH_RESULT",
            "alignment": "LEFT",
            "page_url": "/url?q=http://fotofab.ru/photoshop/express&sa=U&ved=0ahUKEwi11tPZro_XAhVkG5oKHYheDLUQFghHMAc&usg=AOvVaw2x-gbwjH_fi76P1a0BsTpM",
            "title": "Фотошоп онлайн - Фотофабрика - fotofab.ru",
            "snippet": "Писать по-русски можно с помощью следующих шрифтов: CuprumFFU, \nDejaVu Sans, Droid Sans, Jura, Molot, Roboto, TeX Gyre Heros.",
            "view_url": "fotofab.ru/photoshop/express"
        },
        {
            "type": "SEARCH_RESULT",
            "alignment": "LEFT",
            "page_url": "/url?q=http://picnik-photoshop.ru/&sa=U&ved=0ahUKEwi11tPZro_XAhVkG5oKHYheDLUQFghNMAg&usg=AOvVaw0QEScpSZLxwtmk01H4iniW",
            "title": "Фотошоп онлайн Пикник",
            "snippet": "Пикник - фотошоп онлайн! Самый мощный фоторедактор.",
            "view_url": "picnik-photoshop.ru/"
        },
        {
            "type": "SEARCH_RESULT",
            "alignment": "LEFT",
            "page_url": "/url?q=http://online-photoshop.org/edit&sa=U&ved=0ahUKEwi11tPZro_XAhVkG5oKHYheDLUQFghTMAk&usg=AOvVaw3qBtxTayKev-EMD1kGS9pN",
            "title": "Фотошоп онлайн > Редактирование фото. Онлайн фотошоп",
            "snippet": "Фотошоп онлайн (Photoshop Online). Фоторедактор бесплатно и удобно. \nОнлайн фотошоп >Заходи!",
            "view_url": "online-photoshop.org/edit"
        }
    ]
}