{
    "components": [
        {
            "alignment": "LEFT",
            "page_url": "http://www.google.ru/aclk?sa=l&ai=DChcSEwj33e_Dpo_XAhUFFtMKHZMmBxMYABAAGgJ3Yg&sig=AOD64_35ELYceIEMGyHB7DdYJc_jWWaB5Q&ved=0ahUKEwjzmO3Dpo_XAhUF5xoKHUmbCUIQ0QwIEg&adurl=",
            "py/object": "parser_result.Component",
            "snippet": "Сравнивайте предложения и экономьте. Мы не взимаем комиссий!",
            "title": "Дешёвые авиабилеты - Экономьте со Skyscanner - skyscanner.ru",
            "type": "ADV",
            "view_url": "www.skyscanner.ru/Дешёвые/Авиабилеты"
        },
        {
            "alignment": "LEFT",
            "page_url": "http://www.google.ru/aclk?sa=l&ai=DChcSEwj33e_Dpo_XAhUFFtMKHZMmBxMYABAFGgJ3Yg&sig=AOD64_0M-3G9hfb7G_JJkGpLZsd9WTL9CA&ved=0ahUKEwjzmO3Dpo_XAhUF5xoKHUmbCUIQ0QwIIA&adurl=",
            "py/object": "parser_result.Component",
            "snippet": "Низкие Цены на Авиабилеты 728 авиакомпаний! Российский поисковик авиабилетов.",
            "title": "Дешевые Авиабилеты. - Поисковик Дешёвых Авиабилетов.",
            "type": "ADV",
            "view_url": "www.aviasales.ru/Поиск-Дешёвых/Авиабилетов"
        },
        {
            "alignment": "LEFT",
            "page_url": "http://www.google.ru/aclk?sa=l&ai=DChcSEwj33e_Dpo_XAhUFFtMKHZMmBxMYABAJGgJ3Yg&sig=AOD64_0kTUNAP8aBlJ2AgOw3natAW7zoeg&ved=0ahUKEwjzmO3Dpo_XAhUF5xoKHUmbCUIQ0QwILQ&adurl=",
            "py/object": "parser_result.Component",
            "snippet": "Быстрый поиск, бронирование и покупка дешевых авиабилетов. Бронируй лучшие!",
            "title": "Дешевые авиабилеты - Не упусти самые низкие цены",
            "type": "ADV",
            "view_url": "www.momondo.ru/авиабилеты"
        },
        {
            "alignment": "LEFT",
            "page_url": "http://www.google.ru/aclk?sa=l&ai=DChcSEwj33e_Dpo_XAhUFFtMKHZMmBxMYABAKGgJ3Yg&sig=AOD64_1zrI_ebVCAgl65Z-J8GnWRa-xGRg&ved=0ahUKEwjzmO3Dpo_XAhUF5xoKHUmbCUIQ0QwIMg&adurl=",
            "py/object": "parser_result.Component",
            "snippet": "Дешевые авиабилеты в любую точку мира онлайн! Удобная оплата, бонусы за заказ.",
            "title": "Дешевые авиабилеты онлайн - Все направления, низкие цены",
            "type": "ADV",
            "view_url": "www.ozon.travel/Авиабилеты"
        },
        {
            "alignment": "LEFT",
            "page_url": "/url?q=https://www.skyscanner.ru/&sa=U&ved=0ahUKEwjzmO3Dpo_XAhUF5xoKHUmbCUIQFgg6MAA&usg=AOvVaw2vVLg3BgeYmiRaopWoAMAH",
            "py/object": "parser_result.Component",
            "snippet": "Скайсканер – бесплатный поисковик дешевых авиабилетов онлайн. \nСравните тысячи рейсов и выбирайте самое выгодное предложение.",
            "title": "Дешевые авиабилеты онлайн: поиск и сравнение цен на билеты ...",
            "type": "SEARCH_RESULT",
            "view_url": "https://www.skyscanner.ru/"
        },
        {
            "alignment": "LEFT",
            "page_url": "/url?q=https://www.aviasales.ru/&sa=U&ved=0ahUKEwjzmO3Dpo_XAhUF5xoKHUmbCUIQFghEMAE&usg=AOvVaw3dIvnMr2DL0uZoPZGZjbVT",
            "py/object": "parser_result.Component",
            "snippet": "Aviasales.ru помогает найти и купить самые дешевые авиабилеты. Поиск \nбилетов на самолет по 728 авиакомпаниям, ведущим авиакассам и лучшие ...",
            "title": "Дешевые авиабилеты онлайн, цены. Поиск билетов на самолет ...",
            "type": "SEARCH_RESULT",
            "view_url": "https://www.aviasales.ru/"
        },
        {
            "alignment": "LEFT",
            "page_url": "/url?q=https://www.momondo.ru/&sa=U&ved=0ahUKEwjzmO3Dpo_XAhUF5xoKHUmbCUIQFghPMAI&usg=AOvVaw0R_fkhaS7MlAnkMaXF9h_J",
            "py/object": "parser_result.Component",
            "snippet": "Поиск авиабилетов онлайн ✈ найдите лучшие цены на билеты на самолет и \nсамые актуальные спецпредложения от авиакомпаний на momondo.",
            "title": "Дешевые авиабилеты: поиск и сравнение цен | momondo",
            "type": "SEARCH_RESULT",
            "view_url": "https://www.momondo.ru/"
        },
        {
            "alignment": "LEFT",
            "page_url": "/url?q=https://www.ozon.travel/flight/&sa=U&ved=0ahUKEwjzmO3Dpo_XAhUF5xoKHUmbCUIQFghUMAM&usg=AOvVaw1UCxe2mgB2PU3aKi1yRjWp",
            "py/object": "parser_result.Component",
            "snippet": "Покупка авиабилетов. Продажа билетов на самолет онлайн. Забронировать \nи купить авиа билеты круглосуточно.",
            "title": "Дешевые авиабилеты онлайн на OZON.travel",
            "type": "SEARCH_RESULT",
            "view_url": "https://www.ozon.travel/flight/"
        },
        {
            "alignment": "LEFT",
            "page_url": "/url?q=https://avia.tutu.ru/2read/cheap_tickets/cheap_avia/&sa=U&ved=0ahUKEwjzmO3Dpo_XAhUF5xoKHUmbCUIQFghZMAQ&usg=AOvVaw1vLuP2KAuO_rc_D3fYlGOU",
            "py/object": "parser_result.Component",
            "snippet": "Есть несколько простых способов найти дешевые авиабилеты. Первый \nспособ — покупать билеты туда-обратно у одной и той же авиакомпании.",
            "title": "Дешевые авиабилеты - Туту.ру",
            "type": "SEARCH_RESULT",
            "view_url": "https://avia.tutu.ru/2read/cheap_tickets/cheap_avia/"
        },
        {
            "alignment": "LEFT",
            "page_url": "/url?q=https://avia.yandex.ru/&sa=U&ved=0ahUKEwjzmO3Dpo_XAhUF5xoKHUmbCUIQFgheMAU&usg=AOvVaw3Jc3r6lzIb7hG-ysor7PJN",
            "py/object": "parser_result.Component",
            "snippet": "Быстрый и удобный поиск билетов на самолет. Яндекс.Авиабилеты помогут \nнайти нужные рейсы из аэропортов России и мира, сравнить цены, ...",
            "title": "Яндекс.Авиабилеты: поиск и покупка дешевых авиабилетов",
            "type": "SEARCH_RESULT",
            "view_url": "https://avia.yandex.ru/"
        },
        {
            "alignment": "LEFT",
            "page_url": "/url?q=https://avia.tripmydream.com/&sa=U&ved=0ahUKEwjzmO3Dpo_XAhUF5xoKHUmbCUIQFghkMAY&usg=AOvVaw13QZua_qtLAc30wXBfKHRI",
            "py/object": "parser_result.Component",
            "snippet": "Самые дешевые авиабилеты онлайн: поиск лучших перелетов, сравнение \nцены. Купить билет на самолет недорого вместе с сайтом-агрегатором ...",
            "title": "Дешевые авиабилеты: купить билет на самолет онлайн ...",
            "type": "SEARCH_RESULT",
            "view_url": "https://avia.tripmydream.com/"
        },
        {
            "alignment": "LEFT",
            "page_url": "/url?q=https://www.airlines-inform.ru/ticket/&sa=U&ved=0ahUKEwjzmO3Dpo_XAhUF5xoKHUmbCUIQFghqMAc&usg=AOvVaw2CMv_li4u-659BdgPuT8MB",
            "py/object": "parser_result.Component",
            "snippet": "Самые дешевые авиабилеты - поиск всем авиакомпаниям мира. Сравнение \nцен: более 800 перевозчиков и 100 агентств по продаже авиабилетов по ...",
            "title": "Самые дешевые авиабилеты - поиск дешевых авиабилетов по ...",
            "type": "SEARCH_RESULT",
            "view_url": "https://www.airlines-inform.ru/ticket/"
        },
        {
            "alignment": "LEFT",
            "page_url": "/url?q=http://ru.ctrip.com/flights/&sa=U&ved=0ahUKEwjzmO3Dpo_XAhUF5xoKHUmbCUIQFghvMAg&usg=AOvVaw3sal2Y7zr5_ECmtj4vVfl6",
            "py/object": "parser_result.Component",
            "snippet": "Получить дешевые рейсы! Поиск авиабилетов, иЗабронируйте с Ctrip \nсэкономить до 55% на стоимости авиабилетов. Просмотрите расписание \nрейсов ...",
            "title": "Дешевые авиабилеты, авиабилеты и авиабилеты с 55% скидкой ...",
            "type": "SEARCH_RESULT",
            "view_url": "ru.ctrip.com/flights/"
        },
        {
            "alignment": "LEFT",
            "page_url": "/url?q=https://www.svyaznoy.travel/&sa=U&ved=0ahUKEwjzmO3Dpo_XAhUF5xoKHUmbCUIQFgh1MAk&usg=AOvVaw30TfpV4V7tN_wiO3luqh9D",
            "py/object": "parser_result.Component",
            "snippet": "Онлайн-сервис для выгодного бронирования авиабилетов. Связной.Travel \nпредлагает купить билеты на самолет в любую точку мира по хорошей цене\n ...",
            "title": "Связной Трэвел: Авиабилеты онлайн. Купить дешевые билеты ...",
            "type": "SEARCH_RESULT",
            "view_url": "https://www.svyaznoy.travel/"
        },
        {
            "alignment": "LEFT",
            "page_url": "http://www.google.ru/aclk?sa=l&ai=DChcSEwj33e_Dpo_XAhUFFtMKHZMmBxMYABALGgJ3Yg&sig=AOD64_0CXp7kpM82BMXxnfno-OfLyHaLUQ&ved=0ahUKEwjzmO3Dpo_XAhUF5xoKHUmbCUIQ0QwIfA&adurl=",
            "py/object": "parser_result.Component",
            "snippet": "Авиабилеты быстро и выгодно. Оплата онлайн. Поддержка 24/7. Спецпредложения.",
            "title": "Дешевые авиабилеты онлайн. - Авиабилеты онлайн на Туту.ру.",
            "type": "ADV",
            "view_url": "avia.tutu.ru/"
        },
        {
            "alignment": "LEFT",
            "page_url": "http://www.google.ru/aclk?sa=l&ai=DChcSEwj33e_Dpo_XAhUFFtMKHZMmBxMYABAPGgJ3Yg&sig=AOD64_1GOpElzzv-PWE-WoQTY__OafAXAA&ved=0ahUKEwjzmO3Dpo_XAhUF5xoKHUmbCUIQ0QwIhgE&adurl=",
            "py/object": "parser_result.Component",
            "snippet": "Чартеры, лоукостеры, бюджетные авиалинии дешево! Выгодные цены онлайн",
            "title": "Официальный сайт KAYAK - Авиабилеты от лоукостеров",
            "type": "ADV",
            "view_url": "www.kayak.ru/"
        },
        {
            "alignment": "LEFT",
            "page_url": "http://www.google.ru/aclk?sa=l&ai=DChcSEwj33e_Dpo_XAhUFFtMKHZMmBxMYABASGgJ3Yg&sig=AOD64_0cJohbmOy08SQmAK0Eysi5HjO8-w&ved=0ahUKEwjzmO3Dpo_XAhUF5xoKHUmbCUIQ0QwIkAE&adurl=",
            "py/object": "parser_result.Component",
            "snippet": "Поиск авиабилетов по привлекательной цене. Оплата на сайте перевозчика. 16+",
            "title": "Купить дешевые авиабилеты - подберем наилучший вариант",
            "type": "ADV",
            "view_url": "www.buyaviabilet.ru/"
        }
    ],
    "py/object": "parser_result.ParserResult"
}