{
    "file": "../google/golden/6.html",
    "components": [
        {
            "type": "SEARCH_RESULT",
            "alignment": "LEFT",
            "page_url": "/url?q=http://pozdravok.ru/pozdravleniya/den-rozhdeniya/&sa=U&ved=0ahUKEwiugJTVro_XAhVkYZoKHQkgCNgQFgggMAM&usg=AOvVaw37aQ4d5xhBqJHm1xtYBoDC",
            "title": "Поздравления с днем рождения - Поздравок",
            "snippet": "На вебсайте PozdravOK.RU собраны современные поздравления с днем \nрождения, в стихах и прозе, удивительно оригинальные и легко ...",
            "view_url": "pozdravok.ru/pozdravleniya/den-rozhdeniya/"
        },
        {
            "type": "SEARCH_RESULT",
            "alignment": "LEFT",
            "page_url": "/url?q=http://pozdravok.ru/pozdravleniya/den-rozhdeniya/zhenshchine/&sa=U&ved=0ahUKEwiugJTVro_XAhVkYZoKHQkgCNgQFggrMAQ&usg=AOvVaw3iY2oJMPT01zDoLXtFh5HG",
            "title": "Поздравления с днем рождения женщине - Поздравок",
            "snippet": "На ресурсе Поздравь ОК собраны готовые поздравления с днем рождения \nженщине, очень бесподобные и без усилий запоминающиеся.",
            "view_url": "pozdravok.ru/pozdravleniya/den.../zhenshchine/"
        },
        {
            "type": "SEARCH_RESULT",
            "alignment": "LEFT",
            "page_url": "/url?q=http://pozdravok.ru/pozdravleniya/den-rozhdeniya/muzhchine/&sa=U&ved=0ahUKEwiugJTVro_XAhVkYZoKHQkgCNgQFggxMAU&usg=AOvVaw2ILLMO2NIC9uAY10xY3UOy",
            "title": "Поздравления с днем рождения мужчине - Поздравок",
            "snippet": "На портале PozdravOK живут самые добрые стихи с днем рождения \nмужчине, в стихах и прозе, феноменальные и свободно запоминающиеся.",
            "view_url": "pozdravok.ru/pozdravleniya/den.../muzhchine/"
        },
        {
            "type": "SEARCH_RESULT",
            "alignment": "LEFT",
            "page_url": "/url?q=http://pozdravok.ru/pozdravleniya/den-rozhdeniya/lyubimoy/&sa=U&ved=0ahUKEwiugJTVro_XAhVkYZoKHQkgCNgQFgg3MAY&usg=AOvVaw1BLfwrlxeWhQ5efR055r3y",
            "title": "Поздравления с днем рождения девушке - Поздравок",
            "snippet": "С днем рождения поздравляю. И всего того желаю, Что тебе необходимо, \nЧтобы ты была любима. Чтоб была ты хороша, Чтоб была полна душа",
            "view_url": "pozdravok.ru/pozdravleniya/den.../lyubimoy/"
        },
        {
            "type": "SEARCH_RESULT",
            "alignment": "LEFT",
            "page_url": "/url?q=http://www.romanticflyers.ru/krasivye-pozdravleniya-s-dnem-rozhdeniya.html&sa=U&ved=0ahUKEwiugJTVro_XAhVkYZoKHQkgCNgQFgg9MAc&usg=AOvVaw2pbe-G7mcl5tQE1Sd7f2vU",
            "title": "Красивые поздравления с Днем Рождения",
            "snippet": "Это может быть, к примеру, поздравление в стихах. ... отправить именно \nкрасивые поздравления с днем рождения, всегда можно сделать это и в \nпрозе.",
            "view_url": "www.romanticflyers.ru/krasivye-pozdravleniya-s-dnem-rozhdeniya.html"
        },
        {
            "type": "SEARCH_RESULT",
            "alignment": "LEFT",
            "page_url": "/url?q=http://www.stost.ru/f/15/tswnyzm.html&sa=U&ved=0ahUKEwiugJTVro_XAhVkYZoKHQkgCNgQFghDMAg&usg=AOvVaw3lf2mVyMCe9lDweYCnz_Em",
            "title": "Поздравления с днем рождения — 1675 поздравлений — stost.ru",
            "snippet": "Поздравляю тебя с Днем рождения! И желаю тебе всего того, Что есть на \nземле! Если есть счастье - пусть оно будет твоим, если есть радость - пусть ...",
            "view_url": "www.stost.ru/f/15/tswnyzm.html"
        },
        {
            "type": "SEARCH_RESULT",
            "alignment": "LEFT",
            "page_url": "/url?q=http://tostun.ru/pozdrav/den-rozhdeniya/&sa=U&ved=0ahUKEwiugJTVro_XAhVkYZoKHQkgCNgQFghJMAk&usg=AOvVaw2HwZLj4ZPkziIe2kopYfkd",
            "title": "Поздравления с днем рождения — Tostun.Ru",
            "snippet": "На сайте Tostun.Ru собраны современные поздравления с днем рождения, в \nстихах и прозе, удивительно оригинальные и легко запоминающиеся.",
            "view_url": "tostun.ru/pozdrav/den-rozhdeniya/"
        },
        {
            "type": "SEARCH_RESULT",
            "alignment": "LEFT",
            "page_url": "/url?q=https://ok.ru/group54073556664320&sa=U&ved=0ahUKEwiugJTVro_XAhVkYZoKHQkgCNgQFghXMAw&usg=AOvVaw2frZ5338GN-77XTSThpDA9",
            "title": "Поздравления с днем рождения. Поздравь красиво! | OK.RU",
            "snippet": "С днем рождения поздравляю! Счастья искренне желаю, Доброты, любви, \nтепла, Жизнь была чтоб хороша. Чтобы были в ней веселье, Громкий смех и\n ...",
            "view_url": "https://ok.ru/group54073556664320"
        }
    ]
}